Microchip MPLAB XC8 Compiler V2.41

Linker command line:

-W-3 \
  --edf=C:/Program Files/Microchip/MPLABX/v6.10/packs/Microchip/PIC16F1xxxx_DFP/1.18.352/xc8\pic\dat\20230322162823_en.msgs \
  -cn -h+dist/default/debug\MusicBox.X.debug.sym \
  --cmf=dist/default/debug\MusicBox.X.debug.cmf -z -Q16F18076 \
  -oC:\Users\zmiller\AppData\Local\Temp\xcAshnk.\driver_tmp_3.o \
  --defsym=__MPLAB_BUILD=1 --fixupoverflow=error \
  -Mdist/default/debug/MusicBox.X.debug.map \
  --md=C:\Users\zmiller\AppData\Local\Temp\xcAshnk.\driver_tmp_0.dat -E1 \
  -ver=XC8 Compiler --acfsm=1493 -ACODE=00h-07FFhx8 -ASTRCODE=00h-03FFFh \
  -ASTRING=00h-0FFhx64 -ACONST=00h-0FFhx64 -AENTRY=00h-0FFhx64 \
  -ACOMMON=070h-07Fh -ABANK0=020h-06Fh -ABANK1=0A0h-0EFh \
  -ABANK2=0120h-016Fh -ABANK3=01A0h-01EFh -ABANK4=0220h-026Fh \
  -ABANK5=02A0h-02EFh -ABANK6=0320h-036Fh -ABANK7=03A0h-03EFh \
  -ABANK8=0420h-046Fh -ABANK9=04A0h-04EFh -ABANK10=0520h-056Fh \
  -ABANK11=05A0h-05EFh -ABANK12=0620h-066Fh -ABANK13=06A0h-06EFh \
  -ABANK14=0720h-076Fh -ABANK15=07A0h-07EFh -ABANK16=0820h-086Fh \
  -ABANK17=08A0h-08EFh -ABANK18=0920h-096Fh -ABANK19=09A0h-09EFh \
  -ABANK20=0A20h-0A6Fh -ABANK21=0AA0h-0AEFh -ABANK22=0B20h-0B6Fh \
  -ABANK23=0BA0h-0BEFh -ABANK24=0C20h-0C6Fh -ABANK25=0CA0h-0CBFh \
  -ABIGRAM=02000h-027EFh \
  -ARAM=020h-06Fh,0A0h-0EFh,0120h-016Fh,01A0h-01EFh,0220h-026Fh,02A0h-02EFh,0320h-036Fh,03A0h-03EFh,0420h-046Fh,04A0h-04EFh,0520h-056Fh,05A0h-05EFh,0620h-066Fh,06A0h-06EFh,0720h-076Fh,07A0h-07EFh,0820h-086Fh,08A0h-08EFh,0920h-096Fh,09A0h-09EFh,0A20h-0A6Fh,0AA0h-0AEFh,0B20h-0B6Fh,0BA0h-0BEFh,0C20h-0C6Fh,0CA0h-0CBFh \
  -AABS1=020h-07Fh,0A0h-0EFh,0120h-016Fh,01A0h-01EFh,0220h-026Fh,02A0h-02EFh,0320h-036Fh,03A0h-03EFh,0420h-046Fh,04A0h-04EFh,0520h-056Fh,05A0h-05EFh,0620h-066Fh,06A0h-06EFh,0720h-076Fh,07A0h-07EFh,0820h-086Fh,08A0h-08EFh,0920h-096Fh,09A0h-09EFh,0A20h-0A6Fh,0AA0h-0AEFh,0B20h-0B6Fh,0BA0h-0BEFh,0C20h-0C6Fh,0CA0h-0CBFh \
  -ASFR0=00h-01Fh -ASFR1=080h-09Fh -ASFR2=0100h-011Fh -ASFR3=0180h-019Fh \
  -ASFR4=0200h-021Fh -ASFR5=0280h-029Fh -ASFR6=0300h-031Fh \
  -ASFR7=0380h-039Fh -ASFR8=0400h-041Fh -ASFR9=0480h-049Fh \
  -ASFR10=0500h-051Fh -ASFR11=0580h-059Fh -ASFR12=0600h-061Fh \
  -ASFR13=0680h-069Fh -ASFR14=0700h-071Fh -ASFR15=0780h-079Fh \
  -ASFR16=0800h-081Fh -ASFR17=0880h-089Fh -ASFR18=0900h-091Fh \
  -ASFR19=0980h-099Fh -ASFR20=0A00h-0A1Fh -ASFR21=0A80h-0A9Fh \
  -ASFR22=0B00h-0B1Fh -ASFR23=0B80h-0B9Fh -ASFR24=0C00h-0C1Fh \
  -ASFR25=0C80h-0C9Fh -ASFR26=0D00h-0D6Fh -ASFR27=0D80h-0DEFh \
  -ASFR28=0E00h-0E6Fh -ASFR29=0E80h-0EEFh -ASFR30=0F00h-0F6Fh \
  -ASFR31=0F80h-0FEFh -ASFR32=01000h-0106Fh -ASFR33=01080h-010EFh \
  -ASFR34=01100h-0116Fh -ASFR35=01180h-011EFh -ASFR36=01200h-0126Fh \
  -ASFR37=01280h-012EFh -ASFR38=01300h-0136Fh -ASFR39=01380h-013EFh \
  -ASFR40=01400h-0146Fh -ASFR41=01480h-014EFh -ASFR42=01500h-0156Fh \
  -ASFR43=01580h-015EFh -ASFR44=01600h-0166Fh -ASFR45=01680h-016EFh \
  -ASFR46=01700h-0176Fh -ASFR47=01780h-017EFh -ASFR48=01800h-0186Fh \
  -ASFR49=01880h-018EFh -ASFR50=01900h-0196Fh -ASFR51=01980h-019EFh \
  -ASFR52=01A00h-01A6Fh -ASFR53=01A80h-01AEFh -ASFR54=01B00h-01B6Fh \
  -ASFR55=01B80h-01BEFh -ASFR56=01C00h-01C6Fh -ASFR57=01C80h-01CEFh \
  -ASFR58=01D00h-01D6Fh -ASFR59=01D80h-01DEFh -ASFR60=01E00h-01E6Fh \
  -ASFR61=01E80h-01EEFh -ASFR62=01F00h-01F6Fh -ASFR63=01F80h-01FEFh \
  -ACONFIG=08007h-0800Bh -DCONFIG=2 -AIDLOC=08000h-08003h -DIDLOC=2 \
  -AEEDATA=00h-0FFh/0F000h -peeprom_data=EEDATA -DEEDATA=2 -DCODE=2 \
  -DSTRCODE=2 -DSTRING=2 -DCONST=2 -DENTRY=2 \
  -preset_vec=00h,intentry=04h,init,end_init -ppowerup=CODE -pcinit=CODE \
  -pfunctab=ENTRY -k \
  C:\Users\zmiller\AppData\Local\Temp\xcAshnk.\driver_tmp_15.o \
  dist/default/debug\MusicBox.X.debug.o 

Object code version is 3.11

Machine type is 16F18076



                Name                               Link     Load   Length Selector   Space Scale
C:\Users\zmiller\AppData\Local\Temp\xcAshnk.\driver_tmp_15.o
                end_init                             14       14        2        8       0
                reset_vec                             0        0        2        0       0
                config                             8007     8007        5        0       4
dist/default/debug\MusicBox.X.debug.o
                cinit                                16       16       3D        8       0
                intentry                              4        4       10        8       0
                config                             8007     8007        5        0       4
                text89                             15FC     15FC        4     2BF8       0
                text88                             15F5     15F5        1     2BEA       0
                text87                             16E9     16E9        F     2DD2       0
                text86                             16F8     16F8        F     2DF0       0
                text85                             15F6     15F6        1     2BEC       0
                text84                              939      939       2B     1272       0
                text83                             15F7     15F7        1     2BEE       0
                text82                             1707     1707        F     2E0E       0
                text81                             1769     1769       19     2ED2       0
                text79                             1600     1600        4     2C00       0
                text78                             1716     1716        F     2E2C       0
                text77                             1604     1604        4     2C08       0
                text76                             1725     1725        F     2E4A       0
                text75                             1647     1647        7     2C8E       0
                text74                             15F8     15F8        1     2BF0       0
                text73                                2        2        1        0       0
                text72                             1608     1608        4     2C10       0
                text71                             160C     160C        4     2C18       0
                text70                              98F      98F       2C     131E       0
                text69                             164E     164E        8     2C9C       0
                text68                              F7F      F7F       81     1EFE       0
                text67                              F06      F06       79     1E0C       0
                text66                             17E6     17E6       1A     2FCC       0
                text65                             1656     1656        8     2CAC       0
                text64                             1782     1782       19     2F04       0
                text63                             179B     179B       19     2F36       0
                text62                             1743     1743       11     2E86       0
                text61                             16DB     16DB        E     2DB6       0
                text60                              A49      A49       35     1492       0
                text59                              8CE      8CE       20     119C       0
                text58                              8EE      8EE       21     11DC       0
                text57                              85A      85A       1C     10B4       0
                text56                              AF2      AF2       40     15E4       0
                text55                              B32      B32       44     1664       0
                text54                             1618     1618        5     2C30       0
                text53                             1610     1610        4     2C20       0
                text52                             1734     1734        F     2E68       0
                text51                              9BB      9BB       2C     1376       0
                text50                             1614     1614        4     2C28       0
                text49                              6BA      6BA       92        8       0
                text48                               53       53      235        8       0
                text47                              E1C      E1C       75     1C38       0
                text46                              90F      90F       2A     121E       0
                text45                              AB3      AB3       3F     1566       0
                text44                              288      288      14E        8       0
                text43                              625      625       95        8       0
                text42                              CD7      CD7       63     19AE       0
                text41                             161D     161D        6     2C3A       0
                text40                             1623     1623        6     2C46       0
                text39                             1629     1629        6     2C52       0
                text38                              9E7      9E7       2E     13CE       0
                text37                              964      964       2B     12C8       0
                text36                              C77      C77       60     18EE       0
                text35                             15F9     15F9        3     2BF2       0
                text34                             1671     1671        B     2CE2       0
                text33                              C1C      C1C       5B     1838       0
                text32                              A15      A15       34     142A       0
                text31                              4EA      4EA       A1        8       0
                text30                             167C     167C        B     2CF8       0
                text29                              DA9      DA9       73     1B52       0
                text28                              58B      58B       9A        8       0
                text27                              80B      80B       1A     1016       0
                text26                              E91      E91       75     1D22       0
                text25                             1667     1667        A     2CCE       0
                text24                             1687     1687        C     2D0E       0
                text23                             1693     1693        C     2D26       0
                text22                              892      892       1D     1124       0
                text21                             169F     169F        C     2D3E       0
                text20                             16AB     16AB        C     2D56       0
                text19                              876      876       1C     10EC       0
                text18                             162F     162F        6     2C5E       0
                text17                              800      800        B     1000       0
                text16                              D3A      D3A       6F     1A74       0
                text15                             16B7     16B7        C     2D6E       0
                text14                             16C3     16C3        C     2D86       0
                text13                             1635     1635        6     2C6A       0
                text12                             1754     1754       15     2EA8       0
                text11                             17B4     17B4       19     2F68       0
                text10                             16CF     16CF        C     2D9E       0
                text9                               A7E      A7E       35     14FC       0
                text8                              17CD     17CD       19     2F9A       0
                text7                               7DC      7DC       22        8       0
                text6                               74C      74C       90        8       0
                text5                               825      825       1A     104A       0
                text4                               83F      83F       1B     107E       0
                text3                               BC2      BC2       5A     1784       0
                text2                               B76      B76       4C     16EC       0
                text1                               8AF      8AF       1F     115E       0
                maintext                            3D6      3D6      114        8       0
                cstackBANK0                          20       20       47       20       1
                cstackCOMMON                         70       70        6       70       1
                cstackBANK1                          A0       A0       47       A0       1
                cstackBANK2                         120      120       30      120       1
                clrtext                            163B     163B        6     2C76       0
                inittext                           1641     1641        6     2C82       0
                bssBANK3                            1A0      1A0       47      1A0       1
                dataBANK2                           15E      15E        9      120       1
                bssBANK2                            150      150        E      120       1
                bssBANK1                             E7       E7        8       A0       1
                dataBANK0                            6D       6D        2       20       1
                bssBANK0                             67       67        6       20       1
                dataCOMMON                           79       79        1       70       1
                bssCOMMON                            76       76        3       70       1
                stringtext6                        1822     1822        3     3000       0
                nvBANK2                             167      167        6      120       1
                stringtext5                        181C     181C        6     3000       0
                stringtext4                        1810     1810        C     3000       0
                stringtext3                        1800     1800       10     3000       0
                stringtext2                        1030     1030       30     2000       0
                stringtext1                        1000     1000       30     2000       0
                idataBANK2                         165E     165E        9     2CBC       0
                idataBANK0                          7FE      7FE        2        8       0
                idataCOMMON                           3        3        1        6       0

TOTAL           Name                               Link     Load   Length     Space
        CLASS   CODE           
                end_init                             14       14        2         0
                cinit                                16       16       3D         0
                intentry                              4        4       10         0
                reset_vec                             0        0        2         0
                text89                             15FC     15FC        4         0
                text88                             15F5     15F5        1         0
                text87                             16E9     16E9        F         0
                text86                             16F8     16F8        F         0
                text85                             15F6     15F6        1         0
                text84                              939      939       2B         0
                text83                             15F7     15F7        1         0
                text82                             1707     1707        F         0
                text81                             1769     1769       19         0
                text79                             1600     1600        4         0
                text78                             1716     1716        F         0
                text77                             1604     1604        4         0
                text76                             1725     1725        F         0
                text75                             1647     1647        7         0
                text74                             15F8     15F8        1         0
                text73                                2        2        1         0
                text72                             1608     1608        4         0
                text71                             160C     160C        4         0
                text70                              98F      98F       2C         0
                text69                             164E     164E        8         0
                text68                              F7F      F7F       81         0
                text67                              F06      F06       79         0
                text66                             17E6     17E6       1A         0
                text65                             1656     1656        8         0
                text64                             1782     1782       19         0
                text63                             179B     179B       19         0
                text62                             1743     1743       11         0
                text61                             16DB     16DB        E         0
                text60                              A49      A49       35         0
                text59                              8CE      8CE       20         0
                text58                              8EE      8EE       21         0
                text57                              85A      85A       1C         0
                text56                              AF2      AF2       40         0
                text55                              B32      B32       44         0
                text54                             1618     1618        5         0
                text53                             1610     1610        4         0
                text52                             1734     1734        F         0
                text51                              9BB      9BB       2C         0
                text50                             1614     1614        4         0
                text49                              6BA      6BA       92         0
                text48                               53       53      235         0
                text47                              E1C      E1C       75         0
                text46                              90F      90F       2A         0
                text45                              AB3      AB3       3F         0
                text44                              288      288      14E         0
                text43                              625      625       95         0
                text42                              CD7      CD7       63         0
                text41                             161D     161D        6         0
                text40                             1623     1623        6         0
                text39                             1629     1629        6         0
                text38                              9E7      9E7       2E         0
                text37                              964      964       2B         0
                text36                              C77      C77       60         0
                text35                             15F9     15F9        3         0
                text34                             1671     1671        B         0
                text33                              C1C      C1C       5B         0
                text32                              A15      A15       34         0
                text31                              4EA      4EA       A1         0
                text30                             167C     167C        B         0
                text29                              DA9      DA9       73         0
                text28                              58B      58B       9A         0
                text27                              80B      80B       1A         0
                text26                              E91      E91       75         0
                text25                             1667     1667        A         0
                text24                             1687     1687        C         0
                text23                             1693     1693        C         0
                text22                              892      892       1D         0
                text21                             169F     169F        C         0
                text20                             16AB     16AB        C         0
                text19                              876      876       1C         0
                text18                             162F     162F        6         0
                text17                              800      800        B         0
                text16                              D3A      D3A       6F         0
                text15                             16B7     16B7        C         0
                text14                             16C3     16C3        C         0
                text13                             1635     1635        6         0
                text12                             1754     1754       15         0
                text11                             17B4     17B4       19         0
                text10                             16CF     16CF        C         0
                text9                               A7E      A7E       35         0
                text8                              17CD     17CD       19         0
                text7                               7DC      7DC       22         0
                text6                               74C      74C       90         0
                text5                               825      825       1A         0
                text4                               83F      83F       1B         0
                text3                               BC2      BC2       5A         0
                text2                               B76      B76       4C         0
                text1                               8AF      8AF       1F         0
                maintext                            3D6      3D6      114         0
                clrtext                            163B     163B        6         0
                inittext                           1641     1641        6         0
                idataBANK2                         165E     165E        9         0
                idataBANK0                          7FE      7FE        2         0
                idataCOMMON                           3        3        1         0

        CLASS   STRCODE        
                stringtext6                        1822     1822        3         0
                stringtext5                        181C     181C        6         0
                stringtext4                        1810     1810        C         0
                stringtext3                        1800     1800       10         0
                stringtext2                        1030     1030       30         0
                stringtext1                        1000     1000       30         0

        CLASS   STRING         

        CLASS   CONST          

        CLASS   ENTRY          

        CLASS   COMMON         
                cstackCOMMON                         70       70        6         1
                dataCOMMON                           79       79        1         1
                bssCOMMON                            76       76        3         1

        CLASS   BANK0          
                cstackBANK0                          20       20       47         1
                dataBANK0                            6D       6D        2         1
                bssBANK0                             67       67        6         1

        CLASS   BANK1          
                cstackBANK1                          A0       A0       47         1
                bssBANK1                             E7       E7        8         1

        CLASS   BANK2          
                cstackBANK2                         120      120       30         1
                dataBANK2                           15E      15E        9         1
                bssBANK2                            150      150        E         1
                nvBANK2                             167      167        6         1

        CLASS   BANK3          
                bssBANK3                            1A0      1A0       47         1

        CLASS   BANK4          

        CLASS   BANK5          

        CLASS   BANK6          

        CLASS   BANK7          

        CLASS   BANK8          

        CLASS   BANK9          

        CLASS   BANK10         

        CLASS   BANK11         

        CLASS   BANK12         

        CLASS   BANK13         

        CLASS   BANK14         

        CLASS   BANK15         

        CLASS   BANK16         

        CLASS   BANK17         

        CLASS   BANK18         

        CLASS   BANK19         

        CLASS   BANK20         

        CLASS   BANK21         

        CLASS   BANK22         

        CLASS   BANK23         

        CLASS   BANK24         

        CLASS   BANK25         

        CLASS   BIGRAM         

        CLASS   RAM            

        CLASS   ABS1           
                abs_s1                               7E       7E        2         1

        CLASS   SFR0           

        CLASS   SFR1           

        CLASS   SFR2           

        CLASS   SFR3           

        CLASS   SFR4           

        CLASS   SFR5           

        CLASS   SFR6           

        CLASS   SFR7           

        CLASS   SFR8           

        CLASS   SFR9           

        CLASS   SFR10          

        CLASS   SFR11          

        CLASS   SFR12          

        CLASS   SFR13          

        CLASS   SFR14          

        CLASS   SFR15          

        CLASS   SFR16          

        CLASS   SFR17          

        CLASS   SFR18          

        CLASS   SFR19          

        CLASS   SFR20          

        CLASS   SFR21          

        CLASS   SFR22          

        CLASS   SFR23          

        CLASS   SFR24          

        CLASS   SFR25          

        CLASS   SFR26          

        CLASS   SFR27          

        CLASS   SFR28          

        CLASS   SFR29          

        CLASS   SFR30          

        CLASS   SFR31          

        CLASS   SFR32          

        CLASS   SFR33          

        CLASS   SFR34          

        CLASS   SFR35          

        CLASS   SFR36          

        CLASS   SFR37          

        CLASS   SFR38          

        CLASS   SFR39          

        CLASS   SFR40          

        CLASS   SFR41          

        CLASS   SFR42          

        CLASS   SFR43          

        CLASS   SFR44          

        CLASS   SFR45          

        CLASS   SFR46          

        CLASS   SFR47          

        CLASS   SFR48          

        CLASS   SFR49          

        CLASS   SFR50          

        CLASS   SFR51          

        CLASS   SFR52          

        CLASS   SFR53          

        CLASS   SFR54          

        CLASS   SFR55          

        CLASS   SFR56          

        CLASS   SFR57          

        CLASS   SFR58          

        CLASS   SFR59          

        CLASS   SFR60          

        CLASS   SFR61          

        CLASS   SFR62          

        CLASS   SFR63          

        CLASS   CONFIG         
                config                             8007     8007        5         4

        CLASS   IDLOC          

        CLASS   EEDATA         

        CLASS   BANK63         

        CLASS   BANK62         

        CLASS   BANK61         

        CLASS   BANK60         

        CLASS   BANK59         

        CLASS   BANK58         

        CLASS   BANK57         

        CLASS   BANK56         

        CLASS   BANK55         

        CLASS   BANK54         

        CLASS   BANK53         

        CLASS   BANK52         

        CLASS   BANK51         

        CLASS   BANK50         

        CLASS   BANK49         

        CLASS   BANK48         

        CLASS   BANK47         

        CLASS   BANK46         

        CLASS   BANK45         

        CLASS   BANK44         

        CLASS   BANK43         

        CLASS   BANK42         

        CLASS   BANK41         

        CLASS   BANK40         

        CLASS   BANK39         

        CLASS   BANK38         

        CLASS   BANK37         

        CLASS   BANK36         

        CLASS   BANK35         

        CLASS   BANK34         

        CLASS   BANK33         

        CLASS   BANK32         

        CLASS   BANK31         

        CLASS   BANK30         

        CLASS   BANK29         

        CLASS   BANK28         

        CLASS   BANK27         

        CLASS   BANK26         

        CLASS   HEAP           

        CLASS   STACK          



SEGMENTS        Name                           Load    Length   Top    Selector   Space  Class     Delta

                reset_vec                      000000  000003  000003         0       0  CODE        2
                idataCOMMON                    000003  000001  000004         6       0  CODE        2
                intentry                       000004  0007FC  000800         8       0  CODE        2
                cstackBANK0                    000020  00004F  00006F        20       1  BANK0       1
                cstackCOMMON                   000070  00000A  00007A        70       1  COMMON      1
                cstackBANK1                    0000A0  00004F  0000EF        A0       1  BANK1       1
                cstackBANK2                    000120  00004D  00016D       120       1  BANK2       1
                bssBANK3                       0001A0  000047  0001E7       1A0       1  BANK3       1
                text17                         000800  00000B  00080B      1000       0  CODE        2
                text27                         00080B  00001A  000825      1016       0  CODE        2
                text5                          000825  00001A  00083F      104A       0  CODE        2
                text4                          00083F  00001B  00085A      107E       0  CODE        2
                text57                         00085A  00001C  000876      10B4       0  CODE        2
                text19                         000876  00001C  000892      10EC       0  CODE        2
                text22                         000892  00001D  0008AF      1124       0  CODE        2
                text1                          0008AF  00001F  0008CE      115E       0  CODE        2
                text59                         0008CE  000020  0008EE      119C       0  CODE        2
                text58                         0008EE  000021  00090F      11DC       0  CODE        2
                text46                         00090F  00002A  000939      121E       0  CODE        2
                text84                         000939  00002B  000964      1272       0  CODE        2
                text37                         000964  00002B  00098F      12C8       0  CODE        2
                text70                         00098F  00002C  0009BB      131E       0  CODE        2
                text51                         0009BB  00002C  0009E7      1376       0  CODE        2
                text38                         0009E7  00002E  000A15      13CE       0  CODE        2
                text32                         000A15  000034  000A49      142A       0  CODE        2
                text60                         000A49  000035  000A7E      1492       0  CODE        2
                text9                          000A7E  000035  000AB3      14FC       0  CODE        2
                text45                         000AB3  00003F  000AF2      1566       0  CODE        2
                text56                         000AF2  000040  000B32      15E4       0  CODE        2
                text55                         000B32  000044  000B76      1664       0  CODE        2
                text2                          000B76  00004C  000BC2      16EC       0  CODE        2
                text3                          000BC2  00005A  000C1C      1784       0  CODE        2
                text33                         000C1C  00005B  000C77      1838       0  CODE        2
                text36                         000C77  000060  000CD7      18EE       0  CODE        2
                text42                         000CD7  000063  000D3A      19AE       0  CODE        2
                text16                         000D3A  00006F  000DA9      1A74       0  CODE        2
                text29                         000DA9  000073  000E1C      1B52       0  CODE        2
                text47                         000E1C  000075  000E91      1C38       0  CODE        2
                text26                         000E91  000075  000F06      1D22       0  CODE        2
                text67                         000F06  000079  000F7F      1E0C       0  CODE        2
                text68                         000F7F  000081  001000      1EFE       0  CODE        2
                stringtext1                    001000  000060  001060      2000       0  STRCODE     2
                text88                         0015F5  000001  0015F6      2BEA       0  CODE        2
                text85                         0015F6  000001  0015F7      2BEC       0  CODE        2
                text83                         0015F7  000001  0015F8      2BEE       0  CODE        2
                text74                         0015F8  000001  0015F9      2BF0       0  CODE        2
                text35                         0015F9  000003  0015FC      2BF2       0  CODE        2
                text89                         0015FC  000004  001600      2BF8       0  CODE        2
                text79                         001600  000004  001604      2C00       0  CODE        2
                text77                         001604  000004  001608      2C08       0  CODE        2
                text72                         001608  000004  00160C      2C10       0  CODE        2
                text71                         00160C  000004  001610      2C18       0  CODE        2
                text53                         001610  000004  001614      2C20       0  CODE        2
                text50                         001614  000004  001618      2C28       0  CODE        2
                text54                         001618  000005  00161D      2C30       0  CODE        2
                text41                         00161D  000006  001623      2C3A       0  CODE        2
                text40                         001623  000006  001629      2C46       0  CODE        2
                text39                         001629  000006  00162F      2C52       0  CODE        2
                text18                         00162F  000006  001635      2C5E       0  CODE        2
                text13                         001635  000006  00163B      2C6A       0  CODE        2
                clrtext                        00163B  000006  001641      2C76       0  CODE        2
                inittext                       001641  000006  001647      2C82       0  CODE        2
                text75                         001647  000007  00164E      2C8E       0  CODE        2
                text69                         00164E  000008  001656      2C9C       0  CODE        2
                text65                         001656  000008  00165E      2CAC       0  CODE        2
                idataBANK2                     00165E  000009  001667      2CBC       0  CODE        2
                text25                         001667  00000A  001671      2CCE       0  CODE        2
                text34                         001671  00000B  00167C      2CE2       0  CODE        2
                text30                         00167C  00000B  001687      2CF8       0  CODE        2
                text24                         001687  00000C  001693      2D0E       0  CODE        2
                text23                         001693  00000C  00169F      2D26       0  CODE        2
                text21                         00169F  00000C  0016AB      2D3E       0  CODE        2
                text20                         0016AB  00000C  0016B7      2D56       0  CODE        2
                text15                         0016B7  00000C  0016C3      2D6E       0  CODE        2
                text14                         0016C3  00000C  0016CF      2D86       0  CODE        2
                text10                         0016CF  00000C  0016DB      2D9E       0  CODE        2
                text61                         0016DB  00000E  0016E9      2DB6       0  CODE        2
                text87                         0016E9  00000F  0016F8      2DD2       0  CODE        2
                text86                         0016F8  00000F  001707      2DF0       0  CODE        2
                text82                         001707  00000F  001716      2E0E       0  CODE        2
                text78                         001716  00000F  001725      2E2C       0  CODE        2
                text76                         001725  00000F  001734      2E4A       0  CODE        2
                text52                         001734  00000F  001743      2E68       0  CODE        2
                text62                         001743  000011  001754      2E86       0  CODE        2
                text12                         001754  000015  001769      2EA8       0  CODE        2
                text81                         001769  000019  001782      2ED2       0  CODE        2
                text64                         001782  000019  00179B      2F04       0  CODE        2
                text63                         00179B  000019  0017B4      2F36       0  CODE        2
                text11                         0017B4  000019  0017CD      2F68       0  CODE        2
                text8                          0017CD  000019  0017E6      2F9A       0  CODE        2
                text66                         0017E6  00001A  001800      2FCC       0  CODE        2
                stringtext3                    001800  000025  001825      3000       0  STRCODE     2


UNUSED ADDRESS RANGES

        Name                Unused          Largest block    Delta
        BANK0            0006F-0006F               1           1
        BANK1            000EF-000EF               1           1
        BANK10           00520-0056F              50           1
        BANK11           005A0-005EF              50           1
        BANK12           00620-0066F              50           1
        BANK13           006A0-006EF              50           1
        BANK14           00720-0076F              50           1
        BANK15           007A0-007EF              50           1
        BANK16           00820-0086F              50           1
        BANK17           008A0-008EF              50           1
        BANK18           00920-0096F              50           1
        BANK19           009A0-009EF              50           1
        BANK2            0016D-0016F               3           1
        BANK20           00A20-00A6F              50           1
        BANK21           00AA0-00AEF              50           1
        BANK22           00B20-00B6F              50           1
        BANK23           00BA0-00BEF              50           1
        BANK24           00C20-00C6F              50           1
        BANK25           00CA0-00CBF              20           1
        BANK3            001E7-001EF               9           1
        BANK4            00220-0026F              50           1
        BANK5            002A0-002EF              50           1
        BANK6            00320-0036F              50           1
        BANK7            003A0-003EF              50           1
        BANK8            00420-0046F              50           1
        BANK9            004A0-004EF              50           1
        BIGRAM           02000-027EF             7F0           1
        CODE             01060-015F4             595           2
                         01825-03FFF             800
        COMMON           0007A-0007D               4           1
        CONST            01060-015F4             100           2
                         01825-03FFF             100
        EEDATA           0F000-0F0FF             100           2
        ENTRY            01060-015F4             100           2
                         01825-03FFF             100
        IDLOC            08000-08003               4           2
        RAM              0006F-0006F               1           1
                         000EF-000EF               1
                         0016D-0016F               3
                         001E7-001EF               9
                         00220-0026F              50
                         002A0-002EF              50
                         00320-0036F              50
                         003A0-003EF              50
                         00420-0046F              50
                         004A0-004EF              50
                         00520-0056F              50
                         005A0-005EF              50
                         00620-0066F              50
                         006A0-006EF              50
                         00720-0076F              50
                         007A0-007EF              50
                         00820-0086F              50
                         008A0-008EF              50
                         00920-0096F              50
                         009A0-009EF              50
                         00A20-00A6F              50
                         00AA0-00AEF              50
                         00B20-00B6F              50
                         00BA0-00BEF              50
                         00C20-00C6F              50
                         00CA0-00CBF              20
        SFR0             00000-0001F              20           1
        SFR1             00080-0009F              20           1
        SFR10            00500-0051F              20           1
        SFR11            00580-0059F              20           1
        SFR12            00600-0061F              20           1
        SFR13            00680-0069F              20           1
        SFR14            00700-0071F              20           1
        SFR15            00780-0079F              20           1
        SFR16            00800-0081F              20           1
        SFR17            00880-0089F              20           1
        SFR18            00900-0091F              20           1
        SFR19            00980-0099F              20           1
        SFR2             00100-0011F              20           1
        SFR20            00A00-00A1F              20           1
        SFR21            00A80-00A9F              20           1
        SFR22            00B00-00B1F              20           1
        SFR23            00B80-00B9F              20           1
        SFR24            00C00-00C1F              20           1
        SFR25            00C80-00C9F              20           1
        SFR26            00D00-00D6F              70           1
        SFR27            00D80-00DEF              70           1
        SFR28            00E00-00E6F              70           1
        SFR29            00E80-00EEF              70           1
        SFR3             00180-0019F              20           1
        SFR30            00F00-00F6F              70           1
        SFR31            00F80-00FEF              70           1
        SFR32            01000-0106F              70           1
        SFR33            01080-010EF              70           1
        SFR34            01100-0116F              70           1
        SFR35            01180-011EF              70           1
        SFR36            01200-0126F              70           1
        SFR37            01280-012EF              70           1
        SFR38            01300-0136F              70           1
        SFR39            01380-013EF              70           1
        SFR4             00200-0021F              20           1
        SFR40            01400-0146F              70           1
        SFR41            01480-014EF              70           1
        SFR42            01500-0156F              70           1
        SFR43            01580-015EF              70           1
        SFR44            01600-0166F              70           1
        SFR45            01680-016EF              70           1
        SFR46            01700-0176F              70           1
        SFR47            01780-017EF              70           1
        SFR48            01800-0186F              70           1
        SFR49            01880-018EF              70           1
        SFR5             00280-0029F              20           1
        SFR50            01900-0196F              70           1
        SFR51            01980-019EF              70           1
        SFR52            01A00-01A6F              70           1
        SFR53            01A80-01AEF              70           1
        SFR54            01B00-01B6F              70           1
        SFR55            01B80-01BEF              70           1
        SFR56            01C00-01C6F              70           1
        SFR57            01C80-01CEF              70           1
        SFR58            01D00-01D6F              70           1
        SFR59            01D80-01DEF              70           1
        SFR6             00300-0031F              20           1
        SFR60            01E00-01E6F              70           1
        SFR61            01E80-01EEF              70           1
        SFR62            01F00-01F6F              70           1
        SFR63            01F80-01FEF              70           1
        SFR7             00380-0039F              20           1
        SFR8             00400-0041F              20           1
        SFR9             00480-0049F              20           1
        STRCODE          01060-015F4             595           2
                         01825-03FFF            27DB
        STRING           01060-015F4             100           2
                         01825-03FFF             100

                                  Symbol Table

?_MoodLights_GammaBrightness                         cstackBANK0  0003E
?___awdiv                                            cstackBANK0  00020
?___lldiv                                            cstackBANK0  00030
?___lmul                                             cstackBANK0  00024
?___lwmod                                            cstackBANK0  00026
?___wmul                                             cstackBANK0  00020
?_atoi                                               cstackBANK0  00024
?_isdigit                                            cstackCOMMON 00074
?_isspace                                            cstackCOMMON 00074
?_memcmp                                             cstackBANK0  00020
?_next_random                                        cstackBANK0  00024
?_parse_track_number                                 cstackBANK0  0002F
?_strlen                                             cstackCOMMON 00074
?_strncmp                                            cstackBANK0  00020
DFPlayer_AdjustVolume@delta                          cstackBANK0  00048
DFPlayer_AdjustVolume@volume                         cstackBANK0  00049
DFPlayer_PlayTrack@track                             cstackBANK0  00043
DFPlayer_SendCommand@checksum                        cstackBANK0  0003E
DFPlayer_SendCommand@command                         cstackBANK0  0003D
DFPlayer_SendCommand@feedback                        cstackBANK0  00042
DFPlayer_SendCommand@high                            cstackBANK0  00040
DFPlayer_SendCommand@low                             cstackBANK0  00041
DFPlayer_SendCommand@parameter                       cstackBANK0  00034
DFPlayer_SendCommand@waitForAck                      cstackBANK0  00036
DFPlayer_SetVolume@volume                            cstackBANK0  00046
DFPlayer_SetVolume@waitForAck                        cstackBANK0  00043
EUSART1_FramingErrorCallbackRegister@callbackHandler cstackCOMMON 00074
EUSART1_OverrunErrorCallbackRegister@callbackHandler cstackCOMMON 00074
EUSART1_Write@txData                                 cstackCOMMON 00074
EUSART2_FramingErrorCallbackRegister@callbackHandler cstackCOMMON 00074
EUSART2_OverrunErrorCallbackRegister@callbackHandler cstackCOMMON 00074
EUSART2_Write@txData                                 cstackCOMMON 00074
INT_SetInterruptHandler@InterruptHandler             cstackCOMMON 00074
MoodLights_GammaBrightness@d3                        cstackBANK0  00050
MoodLights_GammaBrightness@denominator               cstackBANK0  0003E
MoodLights_GammaBrightness@n3                        cstackBANK0  0004C
MoodLights_GammaBrightness@numerator                 cstackBANK0  00054
MoodLights_SetBrightness@brightness                  cstackBANK0  00055
MoodLights_SetTwinkleEnabled@enabled                 cstackCOMMON 00074
PN532_Init@F8589                                     dataBANK2    00162
PN532_Init@F8591                                     dataBANK2    0015E
PN532_Init@rfcfg                                     cstackBANK0  00048
PN532_Init@rlen                                      cstackBANK0  0004F
PN532_Init@rsp                                       cstackBANK0  00038
PN532_Init@samcfg                                    cstackBANK0  0004C
PN532_ReadNdefText@buf                               bssBANK3     001A0
PN532_ReadNdefText@have                              cstackBANK0  0005C
PN532_ReadNdefText@len                               cstackBANK0  0005A
PN532_ReadNdefText@out                               cstackBANK0  00056
PN532_ReadNdefText@outSize                           cstackBANK0  00051
PN532_ReadNdefText@page                              cstackBANK0  00059
PN532_ReadNdefText@pos                               cstackBANK0  0005B
PN532_ReadNdefText@type                              cstackBANK0  00057
PN532_ReadNdefText@valueStart                        cstackBANK0  00058
PN532_ReadPassiveTarget@F8596                        dataBANK2    00165
PN532_ReadPassiveTarget@i                            cstackBANK0  00055
PN532_ReadPassiveTarget@nfcidLen                     cstackBANK0  00056
PN532_ReadPassiveTarget@params                       cstackBANK0  00051
PN532_ReadPassiveTarget@rlen                         cstackBANK0  00054
PN532_ReadPassiveTarget@rsp                          cstackBANK0  00039
PN532_ReadPassiveTarget@uid                          cstackBANK0  00053
PN532_ReadPassiveTarget@uidLen                       cstackBANK0  00037
POWER_SetInterruptHandler@InterruptHandler           cstackCOMMON 00074
PWM3_LoadDutyValue@dutyValue                         cstackCOMMON 00074
PWM4_LoadDutyValue@dutyValue                         cstackCOMMON 00074
RotaryEncoder_Init@onPowerButtonPressed              cstackBANK0  00020
RotaryEncoder_Tasks@delta                            cstackBANK1  000A0
RotaryEncoder_Tasks@steps                            cstackBANK1  000A2
Scene_Start@step                                     cstackBANK0  0005B
Scene_Start@track                                    cstackBANK0  00057
Scene_Stop@brightness                                cstackBANK0  0005F
Scene_Stop@remaining                                 cstackBANK0  00063
Scene_Stop@startVolume                               cstackBANK0  00062
Scene_Stop@step                                      cstackBANK0  00064
Scene_Stop@volume                                    cstackBANK0  00061
TMR2_OverflowCallbackRegister@InterruptHandler       cstackCOMMON 00074
VOL_A_SetInterruptHandler@InterruptHandler           cstackCOMMON 00074
VOL_B_SetInterruptHandler@InterruptHandler           cstackCOMMON 00074
_ACTCON                                              (abs)        00214
_ANSELA                                              (abs)        01E8C
_ANSELB                                              (abs)        01E96
_ANSELC                                              (abs)        01EA0
_ANSELD                                              (abs)        01EAA
_ANSELDbits                                          (abs)        01EAA
_ANSELE                                              (abs)        01EB4
_BAUD1CON                                            (abs)        00612
_BAUD1CONbits                                        (abs)        00612
_BAUD2CON                                            (abs)        0061C
_BAUD2CONbits                                        (abs)        0061C
_CLOCK_Initialize                                    text25       01667
_DFPlayer_AdjustVolume                               text37       00964
_DFPlayer_GetVolume                                  text35       015F9
_DFPlayer_Init                                       text65       01656
_DFPlayer_PlayTrack                                  text10       016CF
_DFPlayer_SendCommand                                text67       00F06
_DFPlayer_SetVolume                                  text66       017E6
_DFPlayer_Stop                                       text34       01671
_EUSART1_AutoBaudQuery                               (abs)        00000
_EUSART1_AutoBaudSet                                 (abs)        00000
_EUSART1_DefaultFramingErrorCallback                 text73       00002
_EUSART1_DefaultOverrunErrorCallback                 text71       0160C
_EUSART1_Deinitialize                                (abs)        00000
_EUSART1_ErrorGet                                    (abs)        00000
_EUSART1_FramingErrorCallbackRegister                text24       01687
_EUSART1_FramingErrorHandler                         bssBANK1     000ED
_EUSART1_Initialize                                  text22       00892
_EUSART1_IsRxReady                                   text75       01647
_EUSART1_IsTxDone                                    text79       01600
_EUSART1_IsTxReady                                   text78       01716
_EUSART1_IsTxReady$906                               cstackCOMMON 00074
_EUSART1_OverrunErrorCallbackRegister                text23       01693
_EUSART1_OverrunErrorHandler                         bssBANK1     000EB
_EUSART1_Read                                        text70       0098F
_EUSART1_TransmitDisable                             (abs)        00000
_EUSART1_TransmitEnable                              (abs)        00000
_EUSART1_Write                                       text77       01604
_EUSART2_AutoBaudQuery                               (abs)        00000
_EUSART2_AutoBaudSet                                 (abs)        00000
_EUSART2_DefaultFramingErrorCallback                 text74       015F8
_EUSART2_DefaultOverrunErrorCallback                 text72       01608
_EUSART2_Deinitialize                                (abs)        00000
_EUSART2_ErrorGet                                    (abs)        00000
_EUSART2_FramingErrorCallbackRegister                text21       0169F
_EUSART2_FramingErrorHandler                         bssBANK1     000E9
_EUSART2_Initialize                                  text19       00876
_EUSART2_IsRxReady                                   text54       01618
_EUSART2_IsTxDone                                    text53       01610
_EUSART2_IsTxReady                                   text52       01734
_EUSART2_IsTxReady$1264                              cstackCOMMON 00074
_EUSART2_OverrunErrorCallbackRegister                text20       016AB
_EUSART2_OverrunErrorHandler                         bssBANK1     000E7
_EUSART2_Read                                        text51       009BB
_EUSART2_TransmitDisable                             (abs)        00000
_EUSART2_TransmitEnable                              (abs)        00000
_EUSART2_Write                                       text50       01614
_INLVLA                                              (abs)        01E90
_INLVLB                                              (abs)        01E9A
_INLVLC                                              (abs)        01EA4
_INLVLD                                              (abs)        01EAE
_INLVLE                                              (abs)        01EB8
_INTCONbits                                          (abs)        0000B
_INTERRUPT_Initialize                                text17       00800
_INTERRUPT_InterruptManager                          intentry     00004
_INT_DefaultInterruptHandler                         (abs)        00000
_INT_InterruptHandler                                bssBANK0     00067
_INT_SetInterruptHandler                             text18       0162F
_IOCAF                                               (abs)        01E93
_IOCAFbits                                           (abs)        01E93
_IOCAN                                               (abs)        01E92
_IOCAP                                               (abs)        01E91
_IOCBF                                               (abs)        01E9D
_IOCBN                                               (abs)        01E9C
_IOCBP                                               (abs)        01E9B
_IOCCF                                               (abs)        01EA7
_IOCCFbits                                           (abs)        01EA7
_IOCCN                                               (abs)        01EA6
_IOCCP                                               (abs)        01EA5
_IOCEF                                               (abs)        01EBB
_IOCEN                                               (abs)        01EBA
_IOCEP                                               (abs)        01EB9
_LATA                                                (abs)        00018
_LATAbits                                            (abs)        00018
_LATB                                                (abs)        00019
_LATC                                                (abs)        0001A
_LATD                                                (abs)        0001B
_LATE                                                (abs)        0001C
_MoodLights_GammaBrightness                          text31       004EA
_MoodLights_Init                                     text61       016DB
_MoodLights_SetBrightness                            text62       01743
_MoodLights_SetTwinkleEnabled                        text30       0167C
_MoodLights_Tasks                                    text56       00AF2
_ODCONA                                              (abs)        01E8E
_ODCONB                                              (abs)        01E98
_ODCONC                                              (abs)        01EA2
_ODCOND                                              (abs)        01EAC
_ODCONE                                              (abs)        01EB6
_OSCCON2                                             (abs)        0020E
_OSCCON3                                             (abs)        0020F
_OSCEN                                               (abs)        00211
_OSCFRQ                                              (abs)        00213
_OSCSTAT                                             (abs)        00210
_OSCTUNE                                             (abs)        00212
_PIE0bits                                            (abs)        00096
_PIN_MANAGER_IOC                                     text81       01769
_PIN_MANAGER_Initialize                              text16       00D3A
_PIR0bits                                            (abs)        0008C
_PIR1bits                                            (abs)        0008D
_PIR3bits                                            (abs)        0008F
_PN532_Init                                          text47       00E1C
_PN532_ReadNdefText                                  text43       00625
_PN532_ReadPassiveTarget                             text42       00CD7
_PORTAbits                                           (abs)        0000C
_PORTCbits                                           (abs)        0000E
_POWER_DefaultInterruptHandler                       text88       015F5
_POWER_ISR                                           text87       016E9
_POWER_InterruptHandler                              nvBANK2      0016B
_POWER_SetInterruptHandler                           text41       0161D
_PR2                                                 (abs)        0030D
_PWM3CON                                             (abs)        0040E
_PWM3DCH                                             (abs)        0040D
_PWM3DCL                                             (abs)        0040C
_PWM3_Initialize                                     text15       016B7
_PWM3_LoadDutyValue                                  text64       01782
_PWM4CON                                             (abs)        00411
_PWM4DCH                                             (abs)        00410
_PWM4DCL                                             (abs)        0040F
_PWM4_Initialize                                     text14       016C3
_PWM4_LoadDutyValue                                  text63       0179B
_PWMTMRS0bits                                        (abs)        0041F
_QUAD_TABLE                                          stringtext3  01800
_RB4PPS                                              (abs)        01D98
_RC1REG                                              (abs)        0060C
_RC1STA                                              (abs)        00610
_RC1STAbits                                          (abs)        00610
_RC2REG                                              (abs)        00616
_RC2STA                                              (abs)        0061A
_RC2STAbits                                          (abs)        0061A
_RD1PPS                                              (abs)        01DA5
_RD4PPS                                              (abs)        01DA8
_RD5PPS                                              (abs)        01DA9
_RX1PPS                                              (abs)        01E41
_RX2PPS                                              (abs)        01E43
_RotaryEncoder_Init                                  text38       009E7
_RotaryEncoder_Tasks                                 text26       00E91
_SLRCONA                                             (abs)        01E8F
_SLRCONB                                             (abs)        01E99
_SLRCONC                                             (abs)        01EA3
_SLRCOND                                             (abs)        01EAD
_SLRCONE                                             (abs)        01EB7
_SP1BRGH                                             (abs)        0060F
_SP1BRGL                                             (abs)        0060E
_SP2BRGH                                             (abs)        00619
_SP2BRGL                                             (abs)        00618
_SYSTEM_Initialize                                   text11       017B4
_Scene_Start                                         text9        00A7E
_Scene_Stop                                          text29       00DA9
_T2CLKCON                                            (abs)        00310
_T2CON                                               (abs)        0030E
_T2CONbits                                           (abs)        0030E
_T2HLT                                               (abs)        0030F
_T2HLTbits                                           (abs)        0030F
_T2PR                                                (abs)        0030D
_T2RST                                               (abs)        00311
_T2RSTbits                                           (abs)        00311
_T2TMR                                               (abs)        0030C
_TMR2                                                (abs)        0030C
_TMR2_DefaultOverflowCallback                        (abs)        00000
_TMR2_Initialize                                     text12       01754
_TMR2_OverflowCallback                               bssBANK2     00155
_TMR2_OverflowCallbackRegister                       text13       01635
_TMR2_PeriodCountSet                                 (abs)        00000
_TMR2_Start                                          (abs)        00000
_TMR2_Stop                                           (abs)        00000
_TMR2_Tasks                                          (abs)        00000
_TRISA                                               (abs)        00012
_TRISAbits                                           (abs)        00012
_TRISB                                               (abs)        00013
_TRISC                                               (abs)        00014
_TRISD                                               (abs)        00015
_TRISE                                               (abs)        00016
_TX1REG                                              (abs)        0060D
_TX1STA                                              (abs)        00611
_TX1STAbits                                          (abs)        00611
_TX2REG                                              (abs)        00617
_TX2STA                                              (abs)        0061B
_TX2STAbits                                          (abs)        0061B
_VOL_A_DefaultInterruptHandler                       text83       015F7
_VOL_A_ISR                                           text86       016F8
_VOL_A_InterruptHandler                              nvBANK2      00169
_VOL_A_SetInterruptHandler                           text40       01623
_VOL_B_DefaultInterruptHandler                       text85       015F6
_VOL_B_ISR                                           text82       01707
_VOL_B_InterruptHandler                              nvBANK2      00167
_VOL_B_SetInterruptHandler                           text39       01629
_WPUA                                                (abs)        01E8D
_WPUAbits                                            (abs)        01E8D
_WPUB                                                (abs)        01E97
_WPUC                                                (abs)        01EA1
_WPUCbits                                            (abs)        01EA1
_WPUD                                                (abs)        01EAB
_WPUE                                                (abs)        01EB5
__H__absolute__                                      __absolute__ 00000
__Habs1                                              abs1         00000
__Hbank0                                             bank0        00000
__Hbank1                                             bank1        00000
__Hbank10                                            bank10       00000
__Hbank11                                            bank11       00000
__Hbank12                                            bank12       00000
__Hbank13                                            bank13       00000
__Hbank14                                            bank14       00000
__Hbank15                                            bank15       00000
__Hbank16                                            bank16       00000
__Hbank17                                            bank17       00000
__Hbank18                                            bank18       00000
__Hbank19                                            bank19       00000
__Hbank2                                             bank2        00000
__Hbank20                                            bank20       00000
__Hbank21                                            bank21       00000
__Hbank22                                            bank22       00000
__Hbank23                                            bank23       00000
__Hbank24                                            bank24       00000
__Hbank25                                            bank25       00000
__Hbank26                                            bank26       00000
__Hbank27                                            bank27       00000
__Hbank28                                            bank28       00000
__Hbank29                                            bank29       00000
__Hbank3                                             bank3        00000
__Hbank30                                            bank30       00000
__Hbank31                                            bank31       00000
__Hbank32                                            bank32       00000
__Hbank33                                            bank33       00000
__Hbank34                                            bank34       00000
__Hbank35                                            bank35       00000
__Hbank36                                            bank36       00000
__Hbank37                                            bank37       00000
__Hbank38                                            bank38       00000
__Hbank39                                            bank39       00000
__Hbank4                                             bank4        00000
__Hbank40                                            bank40       00000
__Hbank41                                            bank41       00000
__Hbank42                                            bank42       00000
__Hbank43                                            bank43       00000
__Hbank44                                            bank44       00000
__Hbank45                                            bank45       00000
__Hbank46                                            bank46       00000
__Hbank47                                            bank47       00000
__Hbank48                                            bank48       00000
__Hbank49                                            bank49       00000
__Hbank5                                             bank5        00000
__Hbank50                                            bank50       00000
__Hbank51                                            bank51       00000
__Hbank52                                            bank52       00000
__Hbank53                                            bank53       00000
__Hbank54                                            bank54       00000
__Hbank55                                            bank55       00000
__Hbank56                                            bank56       00000
__Hbank57                                            bank57       00000
__Hbank58                                            bank58       00000
__Hbank59                                            bank59       00000
__Hbank6                                             bank6        00000
__Hbank60                                            bank60       00000
__Hbank61                                            bank61       00000
__Hbank62                                            bank62       00000
__Hbank63                                            bank63       00000
__Hbank7                                             bank7        00000
__Hbank8                                             bank8        00000
__Hbank9                                             bank9        00000
__Hbigram                                            bigram       00000
__HbssBANK0                                          bssBANK0     00000
__HbssBANK1                                          bssBANK1     00000
__HbssBANK2                                          bssBANK2     00000
__HbssBANK3                                          bssBANK3     00000
__HbssCOMMON                                         bssCOMMON    00000
__Hcinit                                             cinit        00053
__Hclrtext                                           clrtext      00000
__Hcode                                              code         00000
__Hcommon                                            common       00000
__Hconfig                                            config       0800C
__HcstackBANK0                                       cstackBANK0  00000
__HcstackBANK1                                       cstackBANK1  00000
__HcstackBANK2                                       cstackBANK2  00000
__HcstackCOMMON                                      cstackCOMMON 00000
__HdataBANK0                                         dataBANK0    00000
__HdataBANK2                                         dataBANK2    00000
__HdataCOMMON                                        dataCOMMON   00000
__Heeprom_data                                       eeprom_data  00000
__Hend_init                                          end_init     00016
__Hfunctab                                           functab      00000
__Hheap                                              heap         00000
__HidataBANK0                                        idataBANK0   00000
__HidataBANK2                                        idataBANK2   00000
__HidataCOMMON                                       idataCOMMON  00000
__Hinit                                              init         00014
__Hinittext                                          inittext     00000
__Hintentry                                          intentry     00014
__Hmaintext                                          maintext     00000
__HnvBANK2                                           nvBANK2      00000
__Hpowerup                                           powerup      00000
__Hram                                               ram          00000
__Hreset_vec                                         reset_vec    00002
__Hsfr0                                              sfr0         00000
__Hsfr1                                              sfr1         00000
__Hsfr10                                             sfr10        00000
__Hsfr11                                             sfr11        00000
__Hsfr12                                             sfr12        00000
__Hsfr13                                             sfr13        00000
__Hsfr14                                             sfr14        00000
__Hsfr15                                             sfr15        00000
__Hsfr16                                             sfr16        00000
__Hsfr17                                             sfr17        00000
__Hsfr18                                             sfr18        00000
__Hsfr19                                             sfr19        00000
__Hsfr2                                              sfr2         00000
__Hsfr20                                             sfr20        00000
__Hsfr21                                             sfr21        00000
__Hsfr22                                             sfr22        00000
__Hsfr23                                             sfr23        00000
__Hsfr24                                             sfr24        00000
__Hsfr25                                             sfr25        00000
__Hsfr26                                             sfr26        00000
__Hsfr27                                             sfr27        00000
__Hsfr28                                             sfr28        00000
__Hsfr29                                             sfr29        00000
__Hsfr3                                              sfr3         00000
__Hsfr30                                             sfr30        00000
__Hsfr31                                             sfr31        00000
__Hsfr32                                             sfr32        00000
__Hsfr33                                             sfr33        00000
__Hsfr34                                             sfr34        00000
__Hsfr35                                             sfr35        00000
__Hsfr36                                             sfr36        00000
__Hsfr37                                             sfr37        00000
__Hsfr38                                             sfr38        00000
__Hsfr39                                             sfr39        00000
__Hsfr4                                              sfr4         00000
__Hsfr40                                             sfr40        00000
__Hsfr41                                             sfr41        00000
__Hsfr42                                             sfr42        00000
__Hsfr43                                             sfr43        00000
__Hsfr44                                             sfr44        00000
__Hsfr45                                             sfr45        00000
__Hsfr46                                             sfr46        00000
__Hsfr47                                             sfr47        00000
__Hsfr48                                             sfr48        00000
__Hsfr49                                             sfr49        00000
__Hsfr5                                              sfr5         00000
__Hsfr50                                             sfr50        00000
__Hsfr51                                             sfr51        00000
__Hsfr52                                             sfr52        00000
__Hsfr53                                             sfr53        00000
__Hsfr54                                             sfr54        00000
__Hsfr55                                             sfr55        00000
__Hsfr56                                             sfr56        00000
__Hsfr57                                             sfr57        00000
__Hsfr58                                             sfr58        00000
__Hsfr59                                             sfr59        00000
__Hsfr6                                              sfr6         00000
__Hsfr60                                             sfr60        00000
__Hsfr61                                             sfr61        00000
__Hsfr62                                             sfr62        00000
__Hsfr63                                             sfr63        00000
__Hsfr7                                              sfr7         00000
__Hsfr8                                              sfr8         00000
__Hsfr9                                              sfr9         00000
__Hspace_0                                           (abs)        01825
__Hspace_1                                           (abs)        001E7
__Hspace_2                                           (abs)        00000
__Hspace_3                                           (abs)        00000
__Hspace_4                                           (abs)        10013
__Hstack                                             stack        00000
__Hstrings                                           strings      00000
__Hstringtext1                                       stringtext1  00000
[...]
_isOn                                                dataCOMMON   00079
_isdigit                                             text8        017CD
_isspace                                             text7        007DC
_isspace$2582                                        cstackBANK0  00022
_lastUid                                             bssBANK3     001E0
_lastUidLen                                          bssBANK2     0015D
_main                                                maintext     003D6
_main$1426                                           cstackBANK2  0014B
_memcmp                                              text55       00B32
_memcpy                                              text46       0090F
_memset                                              text28       0058B
_next_random                                         text58       008EE
_ntag_read4pages                                     text45       00AB3
_on_power_button_pressed                             text27       0080B
_parse_ndef_text_record                              text44       00288
_parse_ndef_text_record$175                          cstackBANK0  00039
_parse_track_number                                  text1        008AF
_pn532_send_and_capture                              text49       006BA
_pn532_transact                                      text48       00053
_powerButtonCallback                                 bssBANK2     00157
_powerFallingEdgeSeen                                bssBANK0     0006C
_powerPressLatched                                   bssBANK0     0006B
_power_isr                                           text89       015FC
_random_range                                        text57       0085A
_rngSeeded                                           bssBANK0     0006A
_rngState                                            bssBANK2     00153
_strchr                                              text5        00825
_strlen                                              text4        0083F
_strncmp                                             text3        00BC2
_strstr                                              text2        00B76
_twinkleEnabled                                      bssBANK0     00069
atoi@n                                               cstackBANK0  0002A
atoi@neg                                             cstackBANK0  00028
atoi@s                                               cstackBANK0  0002C
btemp                                                (abs)        0007E
clear_ram0                                           clrtext      0163B
dfplayer_uart_write@data                             cstackCOMMON 00075
dfplayer_wait_for_ack@count                          cstackBANK0  00033
dfplayer_wait_for_ack@frame                          cstackBANK0  00028
dfplayer_wait_for_ack@timeout_us                     cstackBANK0  00020
encoder_isr@ab                                       cstackCOMMON 00073
encoder_isr@index                                    cstackCOMMON 00072
end_of_initialization                                cinit        0004F
init_ram                                             inittext     01641
int$flags                                            (abs)        0007E
intlevel0                                            functab      00000
intlevel1                                            functab      00000
intlevel2                                            functab      00000
intlevel3                                            functab      00000
intlevel4                                            functab      00000
intlevel5                                            functab      00000
isdigit@c                                            cstackCOMMON 00074
isspace@c                                            cstackCOMMON 00074
main@i                                               cstackBANK2  0014A
main@initResult                                      cstackBANK2  0014E
main@isNewTag                                        cstackBANK2  00149
main@text                                            cstackBANK2  00122
main@track                                           cstackBANK2  0014C
main@uid                                             cstackBANK2  00142
main@uidLen                                          cstackBANK2  0014F
memcmp@l                                             cstackBANK0  00026
memcmp@n                                             cstackBANK0  00024
memcmp@r                                             cstackBANK0  00028
memcmp@vl                                            cstackBANK0  00020
memcmp@vr                                            cstackBANK0  00022
memcpy@d                                             cstackBANK0  00027
memcpy@d1                                            cstackBANK0  00028
memcpy@n                                             cstackBANK0  00022
memcpy@s                                             cstackBANK0  00025
memcpy@s1                                            cstackBANK0  00020
memcpy@tmp                                           cstackBANK0  00024
memset@c                                             cstackBANK0  00020
memset@dest                                          cstackBANK0  00024
memset@k                                             cstackBANK0  00025
memset@n                                             cstackBANK0  00022
memset@s                                             cstackBANK0  00027
ntag_read4pages@out16                                cstackBANK0  00037
ntag_read4pages@page                                 cstackBANK0  0004C
ntag_read4pages@params                               cstackBANK0  0004D
ntag_read4pages@rlen                                 cstackBANK0  00050
ntag_read4pages@rsp                                  cstackBANK0  00038
parse_ndef_text_record@hasId                         cstackBANK0  00035
parse_ndef_text_record@header                        cstackBANK0  0003B
parse_ndef_text_record@idLen                         cstackBANK0  00038
parse_ndef_text_record@idx                           cstackBANK0  00043
parse_ndef_text_record@isText                        cstackBANK0  00036
parse_ndef_text_record@langLen                       cstackBANK0  0003D
parse_ndef_text_record@out                           cstackBANK0  0002A
parse_ndef_text_record@outSize                       cstackBANK0  0002B
parse_ndef_text_record@payload                       cstackBANK0  0003A
parse_ndef_text_record@payloadLen                    cstackBANK0  0003E
parse_ndef_text_record@rec                           cstackBANK0  00042
parse_ndef_text_record@recLen                        cstackBANK0  00029
parse_ndef_text_record@shortRecord                   cstackBANK0  00034
parse_ndef_text_record@status                        cstackBANK0  00037
parse_ndef_text_record@textLen                       cstackBANK0  00040
parse_ndef_text_record@tnf                           cstackBANK0  00033
parse_ndef_text_record@typeLen                       cstackBANK0  0003C
parse_track_number@sep                               cstackBANK0  00032
parse_track_number@text                              cstackBANK0  00031
pn532_send_and_capture@buffer                        cstackBANK0  00021
pn532_send_and_capture@bufferSize                    cstackBANK0  00022
pn532_send_and_capture@count                         cstackBANK0  0002C
pn532_send_and_capture@firstByteCounter              cstackBANK0  00026
pn532_send_and_capture@firstByteTimeoutMs            cstackBANK0  00023
pn532_send_and_capture@i                             cstackBANK0  0002B
pn532_send_and_capture@idleCounter                   cstackBANK0  00029
pn532_send_and_capture@packet                        cstackBANK0  00025
pn532_send_and_capture@packetLen                     cstackBANK0  00020
pn532_send_and_capture@receivedAnything              cstackBANK0  00028
pn532_transact@buffer                                cstackBANK1  000A0
pn532_transact@cmd                                   cstackBANK1  000DD
pn532_transact@count                                 cstackBANK1  000E2
pn532_transact@dataLen                               cstackBANK1  000D9
pn532_transact@dataStart                             cstackBANK1  000E3
pn532_transact@dcsIndex                              cstackBANK1  000DA
pn532_transact@expectedAck                           stringtext5  0181C
pn532_transact@frameSize                             cstackBANK1  000D5
pn532_transact@i                                     cstackBANK1  000DE
pn532_transact@i_131                                 cstackBANK1  000DC
pn532_transact@i_135                                 cstackBANK1  000E0
pn532_transact@lcs                                   cstackBANK1  000D7
pn532_transact@len                                   cstackBANK1  000E4
pn532_transact@out                                   cstackBANK0  00030
pn532_transact@outLen                                cstackBANK0  00032
pn532_transact@outMax                                cstackBANK0  00031
pn532_transact@packet                                cstackBANK1  000C0
pn532_transact@packetLen                             cstackBANK1  000E6
pn532_transact@paramLen                              cstackBANK0  0002E
pn532_transact@paramOutLen                           cstackBANK1  000DF
pn532_transact@params                                cstackBANK0  0002D
pn532_transact@postambleIndex                        cstackBANK1  000D8
pn532_transact@responseSum                           cstackBANK1  000DB
pn532_transact@start                                 cstackBANK1  000E5
pn532_transact@sum                                   cstackBANK1  000E1
pn532_transact@withWakeup                            cstackBANK0  0002F
random_range@maxVal                                  cstackBANK0  0002C
random_range@minVal                                  cstackBANK0  00030
random_range@span                                    cstackBANK0  0002F
reset_vec                                            reset_vec    00000
start                                                init         00014
start_initialization                                 cinit        00016
strchr@c                                             cstackCOMMON 00074
strchr@s                                             cstackBANK0  00020
strlen@a                                             cstackBANK0  00021
strlen@s                                             cstackCOMMON 00074
strncmp@_l                                           cstackBANK0  00024
strncmp@_r                                           cstackBANK0  00020
strncmp@l                                            cstackBANK0  00027
strncmp@n                                            cstackBANK0  00022
strncmp@r                                            cstackBANK0  00025
strstr@h                                             cstackBANK0  0002E
strstr@n                                             cstackBANK0  00028
strstr@nl                                            cstackBANK0  0002C
wtemp0                                               (abs)        0007E


MODULE INFORMATION

Module		Function		Class		Link	Load	Size
mcc_generated_files/pwm/src/pwm4.c
		_PWM4_Initialize		CODE           	16C3	0000	12
		_PWM4_LoadDutyValue		CODE           	179B	0000	25

mcc_generated_files/pwm/src/pwm4.c estimated size: 37

C:\Program Files\Microchip\xc8\v2.41\pic\sources\c99\common\Umul32.c
		___lmul        		CODE           	0A15	0000	52

C:\Program Files\Microchip\xc8\v2.41\pic\sources\c99\common\Umul32.c estimated size: 52

drivers/pn532.c
		_parse_ndef_text_record		CODE           	0288	0000	334
		_PN532_ReadPassiveTarget		CODE           	0CD7	0000	99
		_ntag_read4pages		CODE           	0AB3	0000	63
		_pn532_send_and_capture		CODE           	06BA	0000	146
		_pn532_transact		CODE           	0053	0000	565
		_PN532_ReadNdefText		CODE           	0625	0000	149
		_PN532_Init    		CODE           	0E1C	0000	117

drivers/pn532.c estimated size: 1473

C:\Program Files\Microchip\xc8\v2.41\pic\sources\c99\common\__lldiv.c
		___lldiv       		CODE           	0C1C	0000	91

C:\Program Files\Microchip\xc8\v2.41\pic\sources\c99\common\__lldiv.c estimated size: 91

C:\Program Files\Microchip\xc8\v2.41\pic\sources\c99\common\strlen.c
		_strlen        		CODE           	083F	0000	27

C:\Program Files\Microchip\xc8\v2.41\pic\sources\c99\common\strlen.c estimated size: 27

drivers/dfplayer.c
		_DFPlayer_AdjustVolume		CODE           	0964	0000	43
		_DFPlayer_PlayTrack		CODE           	16CF	0000	12
		_DFPlayer_GetVolume		CODE           	15F9	0000	3
		_DFPlayer_SetVolume		CODE           	17E6	0000	26
		_dfplayer_uart_write		CODE           	1725	0000	15
		_DFPlayer_SendCommand		CODE           	0F06	0000	121
		_dfplayer_wait_for_ack		CODE           	0F7F	0000	129
		_dfplayer_uart_clear_overrun		CODE           	164E	0000	8
		_DFPlayer_Init 		CODE           	1656	0000	8
		_DFPlayer_Stop 		CODE           	1671	0000	11

drivers/dfplayer.c estimated size: 376

C:\Program Files\Microchip\xc8\v2.41\pic\sources\c99\common\strchr.c
		_strchr        		CODE           	0825	0000	26

C:\Program Files\Microchip\xc8\v2.41\pic\sources\c99\common\strchr.c estimated size: 26

C:\Program Files\Microchip\xc8\v2.41\pic\sources\c99\common\memset.c
		_memset        		CODE           	058B	0000	154

C:\Program Files\Microchip\xc8\v2.41\pic\sources\c99\common\memset.c estimated size: 154

C:\Program Files\Microchip\xc8\v2.41\pic\sources\c99\common\isdigit.c
		_isdigit       		CODE           	17CD	0000	25

C:\Program Files\Microchip\xc8\v2.41\pic\sources\c99\common\isdigit.c estimated size: 25

mcc_generated_files/system/src/interrupt.c
		_INT_SetInterruptHandler		CODE           	162F	0000	6
		_INTERRUPT_Initialize		CODE           	0800	0000	11
		_INTERRUPT_InterruptManager		CODE           	0004	0000	16

mcc_generated_files/system/src/interrupt.c estimated size: 33

C:\Program Files\Microchip\xc8\v2.41\pic\sources\c99\common\awdiv.c
		___awdiv       		CODE           	0C77	0000	96

C:\Program Files\Microchip\xc8\v2.41\pic\sources\c99\common\awdiv.c estimated size: 96

drivers/scene.c
		_Scene_Stop    		CODE           	0DA9	0000	115
		_Scene_Start   		CODE           	0A7E	0000	53

drivers/scene.c estimated size: 168

mcc_generated_files/uart/src/eusart2.c
		_EUSART2_Read  		CODE           	09BB	0000	44
		_EUSART2_IsTxDone		CODE           	1610	0000	4
		_EUSART2_Write 		CODE           	1614	0000	4
		_EUSART2_FramingErrorCallbackRegister		CODE           	169F	0000	12
		_EUSART2_IsRxReady		CODE           	1618	0000	5
		_EUSART2_IsTxReady		CODE           	1734	0000	15
		_EUSART2_OverrunErrorCallbackRegister		CODE           	16AB	0000	12
		_EUSART2_DefaultOverrunErrorCallback		CODE           	1608	0000	4
		_EUSART2_Initialize		CODE           	0876	0000	28
		_EUSART2_DefaultFramingErrorCallback		CODE           	15F8	0000	1

mcc_generated_files/uart/src/eusart2.c estimated size: 129

C:\Program Files\Microchip\xc8\v2.41\pic\sources\c99\common\atoi.c
		_atoi          		CODE           	074C	0000	144

C:\Program Files\Microchip\xc8\v2.41\pic\sources\c99\common\atoi.c estimated size: 144

mcc_generated_files/pwm/src/pwm3.c
		_PWM3_Initialize		CODE           	16B7	0000	12
		_PWM3_LoadDutyValue		CODE           	1782	0000	25

mcc_generated_files/pwm/src/pwm3.c estimated size: 37

mcc_generated_files/system/src/pins.c
		_PIN_MANAGER_Initialize		CODE           	0D3A	0000	111
		_VOL_A_SetInterruptHandler		CODE           	1623	0000	6
		_POWER_SetInterruptHandler		CODE           	161D	0000	6
		_VOL_A_ISR     		CODE           	16F8	0000	15
		_VOL_B_SetInterruptHandler		CODE           	1629	0000	6
		_VOL_A_DefaultInterruptHandler		CODE           	15F7	0000	1
		_POWER_ISR     		CODE           	16E9	0000	15
		_POWER_DefaultInterruptHandler		CODE           	15F5	0000	1
		_VOL_B_ISR     		CODE           	1707	0000	15
		_VOL_B_DefaultInterruptHandler		CODE           	15F6	0000	1
		_PIN_MANAGER_IOC		CODE           	1769	0000	25

mcc_generated_files/system/src/pins.c estimated size: 202

shared
		_QUAD_TABLE    		STRCODE        	1800	0000	16
		_Timer2        		STRCODE        	0000	0000	0
		__initialization		CODE           	0016	0000	57
		_UART1         		STRCODE        	0000	0000	0
		_UART2         		STRCODE        	0000	0000	0
		pn532_transact@expectedAck		STRCODE        	181C	0000	6

shared estimated size: 79

C:\Program Files\Microchip\xc8\v2.41\pic\sources\c99\common\memcmp.c
		_memcmp        		CODE           	0B32	0000	68

C:\Program Files\Microchip\xc8\v2.41\pic\sources\c99\common\memcmp.c estimated size: 68

C:\Program Files\Microchip\xc8\v2.41\pic\sources\c99\common\memcpy.c
		_memcpy        		CODE           	090F	0000	42

C:\Program Files\Microchip\xc8\v2.41\pic\sources\c99\common\memcpy.c estimated size: 42

C:\Program Files\Microchip\xc8\v2.41\pic\sources\c99\common\strstr.c
		_strstr        		CODE           	0B76	0000	76

C:\Program Files\Microchip\xc8\v2.41\pic\sources\c99\common\strstr.c estimated size: 76

drivers/rotary_encoder.c
		_RotaryEncoder_Init		CODE           	09E7	0000	46
		_encoder_isr   		CODE           	0939	0000	43
		_RotaryEncoder_Tasks		CODE           	0E91	0000	117
		_power_isr     		CODE           	15FC	0000	4

drivers/rotary_encoder.c estimated size: 210

C:\Program Files\Microchip\xc8\v2.41\pic\sources\c99\common\Umul16.c
		___wmul        		CODE           	08CE	0000	32

C:\Program Files\Microchip\xc8\v2.41\pic\sources\c99\common\Umul16.c estimated size: 32

mcc_generated_files/timer/src/tmr2.c
		_TMR2_Initialize		CODE           	1754	0000	21
		_TMR2_OverflowCallbackRegister		CODE           	1635	0000	6

mcc_generated_files/timer/src/tmr2.c estimated size: 27

drivers/mood_lights.c
		_MoodLights_SetTwinkleEnabled		CODE           	167C	0000	11
		_MoodLights_Init		CODE           	16DB	0000	14
		_MoodLights_SetBrightness		CODE           	1743	0000	17
		_random_range  		CODE           	085A	0000	28
		_MoodLights_GammaBrightness		CODE           	04EA	0000	161
		_next_random   		CODE           	08EE	0000	33
		_MoodLights_Tasks		CODE           	0AF2	0000	64

drivers/mood_lights.c estimated size: 328

C:\Program Files\Microchip\xc8\v2.41\pic\sources\c99\common\isspace.c
		_isspace       		CODE           	07DC	0000	34

C:\Program Files\Microchip\xc8\v2.41\pic\sources\c99\common\isspace.c estimated size: 34

mcc_generated_files/system/src/clock.c
		_CLOCK_Initialize		CODE           	1667	0000	10

mcc_generated_files/system/src/clock.c estimated size: 10

main.c
		_on_power_button_pressed		CODE           	080B	0000	26
		_main          		CODE           	03D6	0000	276
		_parse_track_number		CODE           	08AF	0000	31

main.c estimated size: 333

C:\Program Files\Microchip\xc8\v2.41\pic\sources\c99\common\strncmp.c
		_strncmp       		CODE           	0BC2	0000	90

C:\Program Files\Microchip\xc8\v2.41\pic\sources\c99\common\strncmp.c estimated size: 90

mcc_generated_files/uart/src/eusart1.c
		_EUSART1_Initialize		CODE           	0892	0000	29
		_EUSART1_DefaultFramingErrorCallback		CODE           	0002	0000	1
		_EUSART1_Read  		CODE           	098F	0000	44
		_EUSART1_IsTxDone		CODE           	1600	0000	4
		_EUSART1_Write 		CODE           	1604	0000	4
		_EUSART1_FramingErrorCallbackRegister		CODE           	1687	0000	12
		_EUSART1_IsRxReady		CODE           	1647	0000	7
		_EUSART1_IsTxReady		CODE           	1716	0000	15
		_EUSART1_OverrunErrorCallbackRegister		CODE           	1693	0000	12
		_EUSART1_DefaultOverrunErrorCallback		CODE           	160C	0000	4

mcc_generated_files/uart/src/eusart1.c estimated size: 132

mcc_generated_files/system/src/system.c
		_SYSTEM_Initialize		CODE           	17B4	0000	25

mcc_generated_files/system/src/system.c estimated size: 25

C:\Program Files\Microchip\xc8\v2.41\pic\sources\c99\common\lwmod.c
		___lwmod       		CODE           	0A49	0000	53

C:\Program Files\Microchip\xc8\v2.41\pic\sources\c99\common\lwmod.c estimated size: 53

