Microchip MPLAB XC8 Compiler V2.41

Linker command line:

-W-3 \
  --edf=C:/Program Files/Microchip/MPLABX/v6.10/packs/Microchip/PIC16F1xxxx_DFP/1.18.352/xc8\pic\dat\20230322162823_en.msgs \
  -cn -h+dist/default/debug\MusicBox.X.debug.sym \
  --cmf=dist/default/debug\MusicBox.X.debug.cmf -z -Q16F18076 \
  -oC:\Users\zmiller\AppData\Local\Temp\xcAsesc.\driver_tmp_3.o \
  --defsym=__MPLAB_BUILD=1 --fixupoverflow=error \
  -Mdist/default/debug/MusicBox.X.debug.map \
  --md=C:\Users\zmiller\AppData\Local\Temp\xcAsesc.\driver_tmp_0.dat -E1 \
  -ver=XC8 Compiler --acfsm=1493 -ACODE=00h-07FFhx8 -ASTRCODE=00h-03FFFh \
  -ASTRING=00h-0FFhx64 -ACONST=00h-0FFhx64 -AENTRY=00h-0FFhx64 \
  -ACOMMON=070h-07Fh -ABANK0=020h-06Fh -ABANK1=0A0h-0EFh \
  -ABANK2=0120h-016Fh -ABANK3=01A0h-01EFh -ABANK4=0220h-026Fh \
  -ABANK5=02A0h-02EFh -ABANK6=0320h-036Fh -ABANK7=03A0h-03EFh \
  -ABANK8=0420h-046Fh -ABANK9=04A0h-04EFh -ABANK10=0520h-056Fh \
  -ABANK11=05A0h-05EFh -ABANK12=0620h-066Fh -ABANK13=06A0h-06EFh \
  -ABANK14=0720h-076Fh -ABANK15=07A0h-07EFh -ABANK16=0820h-086Fh \
  -ABANK17=08A0h-08EFh -ABANK18=0920h-096Fh -ABANK19=09A0h-09EFh \
  -ABANK20=0A20h-0A6Fh -ABANK21=0AA0h-0AEFh -ABANK22=0B20h-0B6Fh \
  -ABANK23=0BA0h-0BEFh -ABANK24=0C20h-0C6Fh -ABANK25=0CA0h-0CBFh \
  -ABIGRAM=02000h-027EFh \
  -ARAM=020h-06Fh,0A0h-0EFh,0120h-016Fh,01A0h-01EFh,0220h-026Fh,02A0h-02EFh,0320h-036Fh,03A0h-03EFh,0420h-046Fh,04A0h-04EFh,0520h-056Fh,05A0h-05EFh,0620h-066Fh,06A0h-06EFh,0720h-076Fh,07A0h-07EFh,0820h-086Fh,08A0h-08EFh,0920h-096Fh,09A0h-09EFh,0A20h-0A6Fh,0AA0h-0AEFh,0B20h-0B6Fh,0BA0h-0BEFh,0C20h-0C6Fh,0CA0h-0CBFh \
  -AABS1=020h-07Fh,0A0h-0EFh,0120h-016Fh,01A0h-01EFh,0220h-026Fh,02A0h-02EFh,0320h-036Fh,03A0h-03EFh,0420h-046Fh,04A0h-04EFh,0520h-056Fh,05A0h-05EFh,0620h-066Fh,06A0h-06EFh,0720h-076Fh,07A0h-07EFh,0820h-086Fh,08A0h-08EFh,0920h-096Fh,09A0h-09EFh,0A20h-0A6Fh,0AA0h-0AEFh,0B20h-0B6Fh,0BA0h-0BEFh,0C20h-0C6Fh,0CA0h-0CBFh \
  -ASFR0=00h-01Fh -ASFR1=080h-09Fh -ASFR2=0100h-011Fh -ASFR3=0180h-019Fh \
  -ASFR4=0200h-021Fh -ASFR5=0280h-029Fh -ASFR6=0300h-031Fh \
  -ASFR7=0380h-039Fh -ASFR8=0400h-041Fh -ASFR9=0480h-049Fh \
  -ASFR10=0500h-051Fh -ASFR11=0580h-059Fh -ASFR12=0600h-061Fh \
  -ASFR13=0680h-069Fh -ASFR14=0700h-071Fh -ASFR15=0780h-079Fh \
  -ASFR16=0800h-081Fh -ASFR17=0880h-089Fh -ASFR18=0900h-091Fh \
  -ASFR19=0980h-099Fh -ASFR20=0A00h-0A1Fh -ASFR21=0A80h-0A9Fh \
  -ASFR22=0B00h-0B1Fh -ASFR23=0B80h-0B9Fh -ASFR24=0C00h-0C1Fh \
  -ASFR25=0C80h-0C9Fh -ASFR26=0D00h-0D6Fh -ASFR27=0D80h-0DEFh \
  -ASFR28=0E00h-0E6Fh -ASFR29=0E80h-0EEFh -ASFR30=0F00h-0F6Fh \
  -ASFR31=0F80h-0FEFh -ASFR32=01000h-0106Fh -ASFR33=01080h-010EFh \
  -ASFR34=01100h-0116Fh -ASFR35=01180h-011EFh -ASFR36=01200h-0126Fh \
  -ASFR37=01280h-012EFh -ASFR38=01300h-0136Fh -ASFR39=01380h-013EFh \
  -ASFR40=01400h-0146Fh -ASFR41=01480h-014EFh -ASFR42=01500h-0156Fh \
  -ASFR43=01580h-015EFh -ASFR44=01600h-0166Fh -ASFR45=01680h-016EFh \
  -ASFR46=01700h-0176Fh -ASFR47=01780h-017EFh -ASFR48=01800h-0186Fh \
  -ASFR49=01880h-018EFh -ASFR50=01900h-0196Fh -ASFR51=01980h-019EFh \
  -ASFR52=01A00h-01A6Fh -ASFR53=01A80h-01AEFh -ASFR54=01B00h-01B6Fh \
  -ASFR55=01B80h-01BEFh -ASFR56=01C00h-01C6Fh -ASFR57=01C80h-01CEFh \
  -ASFR58=01D00h-01D6Fh -ASFR59=01D80h-01DEFh -ASFR60=01E00h-01E6Fh \
  -ASFR61=01E80h-01EEFh -ASFR62=01F00h-01F6Fh -ASFR63=01F80h-01FEFh \
  -ACONFIG=08007h-0800Bh -DCONFIG=2 -AIDLOC=08000h-08003h -DIDLOC=2 \
  -AEEDATA=00h-0FFh/0F000h -peeprom_data=EEDATA -DEEDATA=2 -DCODE=2 \
  -DSTRCODE=2 -DSTRING=2 -DCONST=2 -DENTRY=2 \
  -preset_vec=00h,intentry=04h,init,end_init -ppowerup=CODE -pcinit=CODE \
  -pfunctab=ENTRY -k \
  C:\Users\zmiller\AppData\Local\Temp\xcAsesc.\driver_tmp_15.o \
  dist/default/debug\MusicBox.X.debug.o 

Object code version is 3.11

Machine type is 16F18076



                Name                               Link     Load   Length Selector   Space Scale
C:\Users\zmiller\AppData\Local\Temp\xcAsesc.\driver_tmp_15.o
                end_init                             14       14        2        8       0
                reset_vec                             0        0        2        0       0
                config                             8007     8007        5        0       4
dist/default/debug\MusicBox.X.debug.o
                cinit                                16       16       48        8       0
                intentry                              4        4       10        8       0
                config                             8007     8007        5        0       4
                text91                             159E     159E        4     2B3C       0
                text90                             1595     1595        1     2B2A       0
                text89                             1698     1698        F     2D30       0
                text88                             16A7     16A7        F     2D4E       0
                text87                             1596     1596        1     2B2C       0
                text86                              90A      90A       2B     1214       0
                text85                             1597     1597        1     2B2E       0
                text84                             16B6     16B6        F     2D6C       0
                text83                             1718     1718       19     2E30       0
                text81                             15A2     15A2        4     2B44       0
                text80                             16C5     16C5        F     2D8A       0
                text79                             15A6     15A6        4     2B4C       0
                text78                             16D4     16D4        F     2DA8       0
                text77                             15ED     15ED        7     2BDA       0
                text76                             1598     1598        1     2B30       0
                text75                             1599     1599        1     2B32       0
                text74                             15AA     15AA        4     2B54       0
                text73                             15AE     15AE        4     2B5C       0
                text72                              98B      98B       2C     1316       0
                text71                             15FB     15FB        8     2BF6       0
                text70                              EEF      EEF       81     1DDE       0
                text69                              E76      E76       79     1CEC       0
                text68                             1795     1795       1A     2F2A       0
                text67                             1603     1603        8     2C06       0
                text66                             15F4     15F4        7     2BE8       0
                text65                             1731     1731       19     2E62       0
                text64                             174A     174A       19     2E94       0
                text63                             16F2     16F2       11     2DE4       0
                text62                             168A     168A        E     2D14       0
                text61                              A19      A19       35     1432       0
                text60                              85D      85D       20     10BA       0
                text59                              89D      89D       21     113A       0
                text58                             17E4     17E4       1C     2FC8       0
                text57                              AC2      AC2       40     1584       0
                text56                              B02      B02       44     1604       0
                text55                             15BE     15BE        5     2B7C       0
                text54                             15B2     15B2        4     2B64       0
                text53                             16E3     16E3        F     2DC6       0
                text52                              935      935       2B     126A       0
                text51                             15B6     15B6        4     2B6C       0
                text50                              70D      70D       92        8       0
                text49                               5E       5E      235        8       0
                text48                              D8C      D8C       75     1B18       0
                text47                              8E0      8E0       2A     11C0       0
                text46                              A83      A83       3F     1506       0
                text45                              3EF      3EF      14E        8       0
                text44                              678      678       95        8       0
                text43                              C47      C47       63     188E       0
                text42                             15C3     15C3        6     2B86       0
                text41                             15C9     15C9        6     2B92       0
                text40                             15CF     15CF        6     2B9E       0
                text39                              9B7      9B7       2E     136E       0
                text38                              960      960       2B     12C0       0
                text37                              79F      79F       60        8       0
                text36                             159B     159B        3     2B36       0
                text35                             1615     1615        B     2C2A       0
                text34                              BEC      BEC       5B     17D8       0
                text33                              9E5      9E5       34     13CA       0
                text32                              53D      53D       A1        8       0
                text31                             1620     1620        B     2C40       0
                text30                              D19      D19       73     1A32       0
                text29                              5DE      5DE       9A        8       0
                text28                              87D      87D       20     10FA       0
                text27                              E01      E01       75     1C02       0
                text26                             160B     160B        A     2C16       0
                text25                             1636     1636        C     2C6C       0
                text24                             1642     1642        C     2C84       0
                text23                              821      821       1D     1042       0
                text22                             164E     164E        C     2C9C       0
                text21                             165A     165A        C     2CB4       0
                text20                              805      805       1C     100A       0
                text19                             15D5     15D5        6     2BAA       0
                text18                             162B     162B        B     2C56       0
                text17                              CAA      CAA       6F     1954       0
                text16                             1666     1666        C     2CCC       0
                text15                             1672     1672        C     2CE4       0
                text14                             15DB     15DB        6     2BB6       0
                text13                             1703     1703       15     2E06       0
                text12                             1763     1763       19     2EC6       0
                text11                             167E     167E        C     2CFC       0
                text10                              A4E      A4E       35     149C       0
                text9                              159A     159A        1     2B34       0
                text8                              177C     177C       19     2EF8       0
                text7                               8BE      8BE       22     117C       0
                text6                               F70      F70       90     1EE0       0
                text5                              17AF     17AF       1A     2F5E       0
                text4                              17C9     17C9       1B     2F92       0
                text3                               B92      B92       5A     1724       0
                text2                               B46      B46       4C     168C       0
                text1                               83E      83E       1F     107C       0
                maintext                            293      293      15C        8       0
                cstackBANK0                          20       20       49       20       1
                cstackCOMMON                         70       70        6       70       1
                cstackBANK1                          A0       A0       47       A0       1
                cstackBANK2                         120      120       31      120       1
                clrtext                            15E1     15E1        6     2BC2       0
                inittext                           15E7     15E7        6     2BCE       0
                dataBANK3                           1E7      1E7        4      1A0       1
                bssBANK3                            1A0      1A0       47      1A0       1
                dataBANK2                           168      168        5      120       1
                bssBANK2                            151      151       11      120       1
                bssBANK1                             E7       E7        8       A0       1
                dataBANK0                            6E       6E        2       20       1
                bssBANK0                             69       69        5       20       1
                dataCOMMON                           79       79        1       70       1
                bssCOMMON                            76       76        3       70       1
                stringtext6                        1822     1822        3     3000       0
                nvBANK2                             162      162        6      120       1
                stringtext5                        181C     181C        6     3000       0
                stringtext4                        1810     1810        C     3000       0
                stringtext3                        1800     1800       10     3000       0
                stringtext2                        1030     1030       30     2000       0
                stringtext1                        1000     1000       30     2000       0
                idataBANK3                         15BA     15BA        4     2B74       0
                idataBANK2                          800      800        5     1000       0
                idataBANK0                            2        2        2        0       0
                idataCOMMON                         7FF      7FF        1        8       0

TOTAL           Name                               Link     Load   Length     Space
        CLASS   CODE           
                end_init                             14       14        2         0
                cinit                                16       16       48         0
                intentry                              4        4       10         0
                reset_vec                             0        0        2         0
                text91                             159E     159E        4         0
                text90                             1595     1595        1         0
                text89                             1698     1698        F         0
                text88                             16A7     16A7        F         0
                text87                             1596     1596        1         0
                text86                              90A      90A       2B         0
                text85                             1597     1597        1         0
                text84                             16B6     16B6        F         0
                text83                             1718     1718       19         0
                text81                             15A2     15A2        4         0
                text80                             16C5     16C5        F         0
                text79                             15A6     15A6        4         0
                text78                             16D4     16D4        F         0
                text77                             15ED     15ED        7         0
                text76                             1598     1598        1         0
                text75                             1599     1599        1         0
                text74                             15AA     15AA        4         0
                text73                             15AE     15AE        4         0
                text72                              98B      98B       2C         0
                text71                             15FB     15FB        8         0
                text70                              EEF      EEF       81         0
                text69                              E76      E76       79         0
                text68                             1795     1795       1A         0
                text67                             1603     1603        8         0
                text66                             15F4     15F4        7         0
                text65                             1731     1731       19         0
                text64                             174A     174A       19         0
                text63                             16F2     16F2       11         0
                text62                             168A     168A        E         0
                text61                              A19      A19       35         0
                text60                              85D      85D       20         0
                text59                              89D      89D       21         0
                text58                             17E4     17E4       1C         0
                text57                              AC2      AC2       40         0
                text56                              B02      B02       44         0
                text55                             15BE     15BE        5         0
                text54                             15B2     15B2        4         0
                text53                             16E3     16E3        F         0
                text52                              935      935       2B         0
                text51                             15B6     15B6        4         0
                text50                              70D      70D       92         0
                text49                               5E       5E      235         0
                text48                              D8C      D8C       75         0
                text47                              8E0      8E0       2A         0
                text46                              A83      A83       3F         0
                text45                              3EF      3EF      14E         0
                text44                              678      678       95         0
                text43                              C47      C47       63         0
                text42                             15C3     15C3        6         0
                text41                             15C9     15C9        6         0
                text40                             15CF     15CF        6         0
                text39                              9B7      9B7       2E         0
                text38                              960      960       2B         0
                text37                              79F      79F       60         0
                text36                             159B     159B        3         0
                text35                             1615     1615        B         0
                text34                              BEC      BEC       5B         0
                text33                              9E5      9E5       34         0
                text32                              53D      53D       A1         0
                text31                             1620     1620        B         0
                text30                              D19      D19       73         0
                text29                              5DE      5DE       9A         0
                text28                              87D      87D       20         0
                text27                              E01      E01       75         0
                text26                             160B     160B        A         0
                text25                             1636     1636        C         0
                text24                             1642     1642        C         0
                text23                              821      821       1D         0
                text22                             164E     164E        C         0
                text21                             165A     165A        C         0
                text20                              805      805       1C         0
                text19                             15D5     15D5        6         0
                text18                             162B     162B        B         0
                text17                              CAA      CAA       6F         0
                text16                             1666     1666        C         0
                text15                             1672     1672        C         0
                text14                             15DB     15DB        6         0
                text13                             1703     1703       15         0
                text12                             1763     1763       19         0
                text11                             167E     167E        C         0
                text10                              A4E      A4E       35         0
                text9                              159A     159A        1         0
                text8                              177C     177C       19         0
                text7                               8BE      8BE       22         0
                text6                               F70      F70       90         0
                text5                              17AF     17AF       1A         0
                text4                              17C9     17C9       1B         0
                text3                               B92      B92       5A         0
                text2                               B46      B46       4C         0
                text1                               83E      83E       1F         0
                maintext                            293      293      15C         0
                clrtext                            15E1     15E1        6         0
                inittext                           15E7     15E7        6         0
                idataBANK3                         15BA     15BA        4         0
                idataBANK2                          800      800        5         0
                idataBANK0                            2        2        2         0
                idataCOMMON                         7FF      7FF        1         0

        CLASS   STRCODE        
                stringtext6                        1822     1822        3         0
                stringtext5                        181C     181C        6         0
                stringtext4                        1810     1810        C         0
                stringtext3                        1800     1800       10         0
                stringtext2                        1030     1030       30         0
                stringtext1                        1000     1000       30         0

        CLASS   STRING         

        CLASS   CONST          

        CLASS   ENTRY          

        CLASS   COMMON         
                cstackCOMMON                         70       70        6         1
                dataCOMMON                           79       79        1         1
                bssCOMMON                            76       76        3         1

        CLASS   BANK0          
                cstackBANK0                          20       20       49         1
                dataBANK0                            6E       6E        2         1
                bssBANK0                             69       69        5         1

        CLASS   BANK1          
                cstackBANK1                          A0       A0       47         1
                bssBANK1                             E7       E7        8         1

        CLASS   BANK2          
                cstackBANK2                         120      120       31         1
                dataBANK2                           168      168        5         1
                bssBANK2                            151      151       11         1
                nvBANK2                             162      162        6         1

        CLASS   BANK3          
                dataBANK3                           1E7      1E7        4         1
                bssBANK3                            1A0      1A0       47         1

        CLASS   BANK4          

        CLASS   BANK5          

        CLASS   BANK6          

        CLASS   BANK7          

        CLASS   BANK8          

        CLASS   BANK9          

        CLASS   BANK10         

        CLASS   BANK11         

        CLASS   BANK12         

        CLASS   BANK13         

        CLASS   BANK14         

        CLASS   BANK15         

        CLASS   BANK16         

        CLASS   BANK17         

        CLASS   BANK18         

        CLASS   BANK19         

        CLASS   BANK20         

        CLASS   BANK21         

        CLASS   BANK22         

        CLASS   BANK23         

        CLASS   BANK24         

        CLASS   BANK25         

        CLASS   BIGRAM         

        CLASS   RAM            

        CLASS   ABS1           
                abs_s1                               7E       7E        2         1

        CLASS   SFR0           

        CLASS   SFR1           

        CLASS   SFR2           

        CLASS   SFR3           

        CLASS   SFR4           

        CLASS   SFR5           

        CLASS   SFR6           

        CLASS   SFR7           

        CLASS   SFR8           

        CLASS   SFR9           

        CLASS   SFR10          

        CLASS   SFR11          

        CLASS   SFR12          

        CLASS   SFR13          

        CLASS   SFR14          

        CLASS   SFR15          

        CLASS   SFR16          

        CLASS   SFR17          

        CLASS   SFR18          

        CLASS   SFR19          

        CLASS   SFR20          

        CLASS   SFR21          

        CLASS   SFR22          

        CLASS   SFR23          

        CLASS   SFR24          

        CLASS   SFR25          

        CLASS   SFR26          

        CLASS   SFR27          

        CLASS   SFR28          

        CLASS   SFR29          

        CLASS   SFR30          

        CLASS   SFR31          

        CLASS   SFR32          

        CLASS   SFR33          

        CLASS   SFR34          

        CLASS   SFR35          

        CLASS   SFR36          

        CLASS   SFR37          

        CLASS   SFR38          

        CLASS   SFR39          

        CLASS   SFR40          

        CLASS   SFR41          

        CLASS   SFR42          

        CLASS   SFR43          

        CLASS   SFR44          

        CLASS   SFR45          

        CLASS   SFR46          

        CLASS   SFR47          

        CLASS   SFR48          

        CLASS   SFR49          

        CLASS   SFR50          

        CLASS   SFR51          

        CLASS   SFR52          

        CLASS   SFR53          

        CLASS   SFR54          

        CLASS   SFR55          

        CLASS   SFR56          

        CLASS   SFR57          

        CLASS   SFR58          

        CLASS   SFR59          

        CLASS   SFR60          

        CLASS   SFR61          

        CLASS   SFR62          

        CLASS   SFR63          

        CLASS   CONFIG         
                config                             8007     8007        5         4

        CLASS   IDLOC          

        CLASS   EEDATA         

        CLASS   BANK63         

        CLASS   BANK62         

        CLASS   BANK61         

        CLASS   BANK60         

        CLASS   BANK59         

        CLASS   BANK58         

        CLASS   BANK57         

        CLASS   BANK56         

        CLASS   BANK55         

        CLASS   BANK54         

        CLASS   BANK53         

        CLASS   BANK52         

        CLASS   BANK51         

        CLASS   BANK50         

        CLASS   BANK49         

        CLASS   BANK48         

        CLASS   BANK47         

        CLASS   BANK46         

        CLASS   BANK45         

        CLASS   BANK44         

        CLASS   BANK43         

        CLASS   BANK42         

        CLASS   BANK41         

        CLASS   BANK40         

        CLASS   BANK39         

        CLASS   BANK38         

        CLASS   BANK37         

        CLASS   BANK36         

        CLASS   BANK35         

        CLASS   BANK34         

        CLASS   BANK33         

        CLASS   BANK32         

        CLASS   BANK31         

        CLASS   BANK30         

        CLASS   BANK29         

        CLASS   BANK28         

        CLASS   BANK27         

        CLASS   BANK26         

        CLASS   HEAP           

        CLASS   STACK          



SEGMENTS        Name                           Load    Length   Top    Selector   Space  Class     Delta

                reset_vec                      000000  000004  000004         0       0  CODE        2
                intentry                       000004  0007FC  000800         8       0  CODE        2
                cstackBANK0                    000020  000050  000070        20       1  BANK0       1
                cstackCOMMON                   000070  00000A  00007A        70       1  COMMON      1
                cstackBANK1                    0000A0  00004F  0000EF        A0       1  BANK1       1
                cstackBANK2                    000120  00004D  00016D       120       1  BANK2       1
                bssBANK3                       0001A0  00004B  0001EB       1A0       1  BANK3       1
                idataBANK2                     000800  000005  000805      1000       0  CODE        2
                text20                         000805  00001C  000821      100A       0  CODE        2
                text23                         000821  00001D  00083E      1042       0  CODE        2
                text1                          00083E  00001F  00085D      107C       0  CODE        2
                text60                         00085D  000020  00087D      10BA       0  CODE        2
                text28                         00087D  000020  00089D      10FA       0  CODE        2
                text59                         00089D  000021  0008BE      113A       0  CODE        2
                text7                          0008BE  000022  0008E0      117C       0  CODE        2
                text47                         0008E0  00002A  00090A      11C0       0  CODE        2
                text86                         00090A  00002B  000935      1214       0  CODE        2
                text52                         000935  00002B  000960      126A       0  CODE        2
                text38                         000960  00002B  00098B      12C0       0  CODE        2
                text72                         00098B  00002C  0009B7      1316       0  CODE        2
                text39                         0009B7  00002E  0009E5      136E       0  CODE        2
                text33                         0009E5  000034  000A19      13CA       0  CODE        2
                text61                         000A19  000035  000A4E      1432       0  CODE        2
                text10                         000A4E  000035  000A83      149C       0  CODE        2
                text46                         000A83  00003F  000AC2      1506       0  CODE        2
                text57                         000AC2  000040  000B02      1584       0  CODE        2
                text56                         000B02  000044  000B46      1604       0  CODE        2
                text2                          000B46  00004C  000B92      168C       0  CODE        2
                text3                          000B92  00005A  000BEC      1724       0  CODE        2
                text34                         000BEC  00005B  000C47      17D8       0  CODE        2
                text43                         000C47  000063  000CAA      188E       0  CODE        2
                text17                         000CAA  00006F  000D19      1954       0  CODE        2
                text30                         000D19  000073  000D8C      1A32       0  CODE        2
                text48                         000D8C  000075  000E01      1B18       0  CODE        2
                text27                         000E01  000075  000E76      1C02       0  CODE        2
                text69                         000E76  000079  000EEF      1CEC       0  CODE        2
                text70                         000EEF  000081  000F70      1DDE       0  CODE        2
                text6                          000F70  000090  001000      1EE0       0  CODE        2
                stringtext1                    001000  000060  001060      2000       0  STRCODE     2
                text90                         001595  000001  001596      2B2A       0  CODE        2
                text87                         001596  000001  001597      2B2C       0  CODE        2
                text85                         001597  000001  001598      2B2E       0  CODE        2
                text76                         001598  000001  001599      2B30       0  CODE        2
                text75                         001599  000001  00159A      2B32       0  CODE        2
                text9                          00159A  000001  00159B      2B34       0  CODE        2
                text36                         00159B  000003  00159E      2B36       0  CODE        2
                text91                         00159E  000004  0015A2      2B3C       0  CODE        2
                text81                         0015A2  000004  0015A6      2B44       0  CODE        2
                text79                         0015A6  000004  0015AA      2B4C       0  CODE        2
                text74                         0015AA  000004  0015AE      2B54       0  CODE        2
                text73                         0015AE  000004  0015B2      2B5C       0  CODE        2
                text54                         0015B2  000004  0015B6      2B64       0  CODE        2
                text51                         0015B6  000004  0015BA      2B6C       0  CODE        2
                idataBANK3                     0015BA  000004  0015BE      2B74       0  CODE        2
                text55                         0015BE  000005  0015C3      2B7C       0  CODE        2
                text42                         0015C3  000006  0015C9      2B86       0  CODE        2
                text41                         0015C9  000006  0015CF      2B92       0  CODE        2
                text40                         0015CF  000006  0015D5      2B9E       0  CODE        2
                text19                         0015D5  000006  0015DB      2BAA       0  CODE        2
                text14                         0015DB  000006  0015E1      2BB6       0  CODE        2
                clrtext                        0015E1  000006  0015E7      2BC2       0  CODE        2
                inittext                       0015E7  000006  0015ED      2BCE       0  CODE        2
                text77                         0015ED  000007  0015F4      2BDA       0  CODE        2
                text66                         0015F4  000007  0015FB      2BE8       0  CODE        2
                text71                         0015FB  000008  001603      2BF6       0  CODE        2
                text67                         001603  000008  00160B      2C06       0  CODE        2
                text26                         00160B  00000A  001615      2C16       0  CODE        2
                text35                         001615  00000B  001620      2C2A       0  CODE        2
                text31                         001620  00000B  00162B      2C40       0  CODE        2
                text18                         00162B  00000B  001636      2C56       0  CODE        2
                text25                         001636  00000C  001642      2C6C       0  CODE        2
                text24                         001642  00000C  00164E      2C84       0  CODE        2
                text22                         00164E  00000C  00165A      2C9C       0  CODE        2
                text21                         00165A  00000C  001666      2CB4       0  CODE        2
                text16                         001666  00000C  001672      2CCC       0  CODE        2
                text15                         001672  00000C  00167E      2CE4       0  CODE        2
                text11                         00167E  00000C  00168A      2CFC       0  CODE        2
                text62                         00168A  00000E  001698      2D14       0  CODE        2
                text89                         001698  00000F  0016A7      2D30       0  CODE        2
                text88                         0016A7  00000F  0016B6      2D4E       0  CODE        2
                text84                         0016B6  00000F  0016C5      2D6C       0  CODE        2
                text80                         0016C5  00000F  0016D4      2D8A       0  CODE        2
                text78                         0016D4  00000F  0016E3      2DA8       0  CODE        2
                text53                         0016E3  00000F  0016F2      2DC6       0  CODE        2
                text63                         0016F2  000011  001703      2DE4       0  CODE        2
                text13                         001703  000015  001718      2E06       0  CODE        2
                text83                         001718  000019  001731      2E30       0  CODE        2
                text65                         001731  000019  00174A      2E62       0  CODE        2
                text64                         00174A  000019  001763      2E94       0  CODE        2
                text12                         001763  000019  00177C      2EC6       0  CODE        2
                text8                          00177C  000019  001795      2EF8       0  CODE        2
                text68                         001795  00001A  0017AF      2F2A       0  CODE        2
                text5                          0017AF  00001A  0017C9      2F5E       0  CODE        2
                text4                          0017C9  00001B  0017E4      2F92       0  CODE        2
                text58                         0017E4  00001C  001800      2FC8       0  CODE        2
                stringtext3                    001800  000025  001825      3000       0  STRCODE     2


UNUSED ADDRESS RANGES

        Name                Unused          Largest block    Delta
        BANK1            000EF-000EF               1           1
        BANK10           00520-0056F              50           1
        BANK11           005A0-005EF              50           1
        BANK12           00620-0066F              50           1
        BANK13           006A0-006EF              50           1
        BANK14           00720-0076F              50           1
        BANK15           007A0-007EF              50           1
        BANK16           00820-0086F              50           1
        BANK17           008A0-008EF              50           1
        BANK18           00920-0096F              50           1
        BANK19           009A0-009EF              50           1
        BANK2            0016D-0016F               3           1
        BANK20           00A20-00A6F              50           1
        BANK21           00AA0-00AEF              50           1
        BANK22           00B20-00B6F              50           1
        BANK23           00BA0-00BEF              50           1
        BANK24           00C20-00C6F              50           1
        BANK25           00CA0-00CBF              20           1
        BANK3            001EB-001EF               5           1
        BANK4            00220-0026F              50           1
        BANK5            002A0-002EF              50           1
        BANK6            00320-0036F              50           1
        BANK7            003A0-003EF              50           1
        BANK8            00420-0046F              50           1
        BANK9            004A0-004EF              50           1
        BIGRAM           02000-027EF             7F0           1
        CODE             01060-01594             535           2
                         01825-03FFF             800
        COMMON           0007A-0007D               4           1
        CONST            01060-01594             100           2
                         01825-03FFF             100
        EEDATA           0F000-0F0FF             100           2
        ENTRY            01060-01594             100           2
                         01825-03FFF             100
        IDLOC            08000-08003               4           2
        RAM              000EF-000EF               1           1
                         0016D-0016F               3
                         001EB-001EF               5
                         00220-0026F              50
                         002A0-002EF              50
                         00320-0036F              50
                         003A0-003EF              50
                         00420-0046F              50
                         004A0-004EF              50
                         00520-0056F              50
                         005A0-005EF              50
                         00620-0066F              50
                         006A0-006EF              50
                         00720-0076F              50
                         007A0-007EF              50
                         00820-0086F              50
                         008A0-008EF              50
                         00920-0096F              50
                         009A0-009EF              50
                         00A20-00A6F              50
                         00AA0-00AEF              50
                         00B20-00B6F              50
                         00BA0-00BEF              50
                         00C20-00C6F              50
                         00CA0-00CBF              20
        SFR0             00000-0001F              20           1
        SFR1             00080-0009F              20           1
        SFR10            00500-0051F              20           1
        SFR11            00580-0059F              20           1
        SFR12            00600-0061F              20           1
        SFR13            00680-0069F              20           1
        SFR14            00700-0071F              20           1
        SFR15            00780-0079F              20           1
        SFR16            00800-0081F              20           1
        SFR17            00880-0089F              20           1
        SFR18            00900-0091F              20           1
        SFR19            00980-0099F              20           1
        SFR2             00100-0011F              20           1
        SFR20            00A00-00A1F              20           1
        SFR21            00A80-00A9F              20           1
        SFR22            00B00-00B1F              20           1
        SFR23            00B80-00B9F              20           1
        SFR24            00C00-00C1F              20           1
        SFR25            00C80-00C9F              20           1
        SFR26            00D00-00D6F              70           1
        SFR27            00D80-00DEF              70           1
        SFR28            00E00-00E6F              70           1
        SFR29            00E80-00EEF              70           1
        SFR3             00180-0019F              20           1
        SFR30            00F00-00F6F              70           1
        SFR31            00F80-00FEF              70           1
        SFR32            01000-0106F              70           1
        SFR33            01080-010EF              70           1
        SFR34            01100-0116F              70           1
        SFR35            01180-011EF              70           1
        SFR36            01200-0126F              70           1
        SFR37            01280-012EF              70           1
        SFR38            01300-0136F              70           1
        SFR39            01380-013EF              70           1
        SFR4             00200-0021F              20           1
        SFR40            01400-0146F              70           1
        SFR41            01480-014EF              70           1
        SFR42            01500-0156F              70           1
        SFR43            01580-015EF              70           1
        SFR44            01600-0166F              70           1
        SFR45            01680-016EF              70           1
        SFR46            01700-0176F              70           1
        SFR47            01780-017EF              70           1
        SFR48            01800-0186F              70           1
        SFR49            01880-018EF              70           1
        SFR5             00280-0029F              20           1
        SFR50            01900-0196F              70           1
        SFR51            01980-019EF              70           1
        SFR52            01A00-01A6F              70           1
        SFR53            01A80-01AEF              70           1
        SFR54            01B00-01B6F              70           1
        SFR55            01B80-01BEF              70           1
        SFR56            01C00-01C6F              70           1
        SFR57            01C80-01CEF              70           1
        SFR58            01D00-01D6F              70           1
        SFR59            01D80-01DEF              70           1
        SFR6             00300-0031F              20           1
        SFR60            01E00-01E6F              70           1
        SFR61            01E80-01EEF              70           1
        SFR62            01F00-01F6F              70           1
        SFR63            01F80-01FEF              70           1
        SFR7             00380-0039F              20           1
        SFR8             00400-0041F              20           1
        SFR9             00480-0049F              20           1
        STRCODE          01060-01594             535           2
                         01825-03FFF            27DB
        STRING           01060-01594             100           2
                         01825-03FFF             100

                                  Symbol Table

?_MoodLights_GammaBrightness                         cstackBANK0  0003E
?___awdiv                                            cstackBANK0  00020
?___lldiv                                            cstackBANK0  00030
?___lmul                                             cstackBANK0  00024
?___lwmod                                            cstackBANK0  00026
?___wmul                                             cstackBANK0  00020
?_atoi                                               cstackBANK0  00024
?_isdigit                                            cstackCOMMON 00074
?_isspace                                            cstackCOMMON 00074
?_memcmp                                             cstackBANK0  00020
?_next_random                                        cstackBANK0  00024
?_parse_track_number                                 cstackBANK0  0002F
?_strlen                                             cstackCOMMON 00074
?_strncmp                                            cstackBANK0  00020
DFPlayer_AdjustVolume@delta                          cstackBANK0  00048
DFPlayer_AdjustVolume@volume                         cstackBANK0  00049
DFPlayer_PlayTrack@track                             cstackBANK0  00043
DFPlayer_SendCommand@checksum                        cstackBANK0  0003E
DFPlayer_SendCommand@command                         cstackBANK0  0003D
DFPlayer_SendCommand@feedback                        cstackBANK0  00042
DFPlayer_SendCommand@high                            cstackBANK0  00040
DFPlayer_SendCommand@low                             cstackBANK0  00041
DFPlayer_SendCommand@parameter                       cstackBANK0  00034
DFPlayer_SendCommand@waitForAck                      cstackBANK0  00036
DFPlayer_SetVolume@volume                            cstackBANK0  00046
DFPlayer_SetVolume@waitForAck                        cstackBANK0  00043
EUSART1_FramingErrorCallbackRegister@callbackHandler cstackCOMMON 00074
EUSART1_OverrunErrorCallbackRegister@callbackHandler cstackCOMMON 00074
EUSART1_Write@txData                                 cstackCOMMON 00074
EUSART2_FramingErrorCallbackRegister@callbackHandler cstackCOMMON 00074
EUSART2_OverrunErrorCallbackRegister@callbackHandler cstackCOMMON 00074
EUSART2_Write@txData                                 cstackCOMMON 00074
INT_SetInterruptHandler@InterruptHandler             cstackCOMMON 00074
MoodLights_GammaBrightness@d3                        cstackBANK0  00050
MoodLights_GammaBrightness@denominator               cstackBANK0  0003E
MoodLights_GammaBrightness@n3                        cstackBANK0  0004C
MoodLights_GammaBrightness@numerator                 cstackBANK0  00054
MoodLights_SetBrightness@brightness                  cstackBANK0  00055
MoodLights_SetTwinkleEnabled@enabled                 cstackCOMMON 00074
PN532_Init@F8589                                     dataBANK2    00168
PN532_Init@F8591                                     dataBANK3    001E7
PN532_Init@rfcfg                                     cstackBANK0  00048
PN532_Init@rlen                                      cstackBANK0  0004F
PN532_Init@rsp                                       cstackBANK0  00038
PN532_Init@samcfg                                    cstackBANK0  0004C
PN532_ReadNdefText@buf                               bssBANK3     001A0
PN532_ReadNdefText@have                              cstackBANK0  0005C
PN532_ReadNdefText@len                               cstackBANK0  0005A
PN532_ReadNdefText@out                               cstackBANK0  00056
PN532_ReadNdefText@outSize                           cstackBANK0  00051
PN532_ReadNdefText@page                              cstackBANK0  00059
PN532_ReadNdefText@pos                               cstackBANK0  0005B
PN532_ReadNdefText@type                              cstackBANK0  00057
PN532_ReadNdefText@valueStart                        cstackBANK0  00058
PN532_ReadPassiveTarget@F8596                        dataBANK2    0016B
PN532_ReadPassiveTarget@i                            cstackBANK0  00055
PN532_ReadPassiveTarget@nfcidLen                     cstackBANK0  00056
PN532_ReadPassiveTarget@params                       cstackBANK0  00051
PN532_ReadPassiveTarget@rlen                         cstackBANK0  00054
PN532_ReadPassiveTarget@rsp                          cstackBANK0  00039
PN532_ReadPassiveTarget@uid                          cstackBANK0  00053
PN532_ReadPassiveTarget@uidLen                       cstackBANK0  00037
POWER_SetInterruptHandler@InterruptHandler           cstackCOMMON 00074
PWM3_LoadDutyValue@dutyValue                         cstackCOMMON 00074
PWM4_LoadDutyValue@dutyValue                         cstackCOMMON 00074
RotaryEncoder_Init@onPowerButtonPressed              cstackBANK0  00020
RotaryEncoder_Tasks@delta                            cstackBANK1  000A0
RotaryEncoder_Tasks@steps                            cstackBANK1  000A2
Scene_Start@step                                     cstackBANK0  0005B
Scene_Start@track                                    cstackBANK0  00057
Scene_Stop@brightness                                cstackBANK0  0005F
Scene_Stop@remaining                                 cstackBANK0  00063
Scene_Stop@startVolume                               cstackBANK0  00062
Scene_Stop@step                                      cstackBANK0  00064
Scene_Stop@volume                                    cstackBANK0  00061
TMR2_OverflowCallbackRegister@InterruptHandler       cstackCOMMON 00074
VOL_A_SetInterruptHandler@InterruptHandler           cstackCOMMON 00074
VOL_B_SetInterruptHandler@InterruptHandler           cstackCOMMON 00074
_ACTCON                                              (abs)        00214
_ANSELA                                              (abs)        01E8C
_ANSELB                                              (abs)        01E96
_ANSELC                                              (abs)        01EA0
_ANSELD                                              (abs)        01EAA
_ANSELDbits                                          (abs)        01EAA
_ANSELE                                              (abs)        01EB4
_BAUD1CON                                            (abs)        00612
_BAUD1CONbits                                        (abs)        00612
_BAUD2CON                                            (abs)        0061C
_BAUD2CONbits                                        (abs)        0061C
_CLOCK_Initialize                                    text26       0160B
_DFPlayer_AdjustVolume                               text38       00960
_DFPlayer_GetVolume                                  text36       0159B
_DFPlayer_Init                                       text67       01603
_DFPlayer_IsPlaying                                  text66       015F4
_DFPlayer_PlayTrack                                  text11       0167E
_DFPlayer_SendCommand                                text69       00E76
_DFPlayer_SetVolume                                  text68       01795
_DFPlayer_Stop                                       text35       01615
_EUSART1_AutoBaudQuery                               (abs)        00000
_EUSART1_AutoBaudSet                                 (abs)        00000
_EUSART1_DefaultFramingErrorCallback                 text75       01599
_EUSART1_DefaultOverrunErrorCallback                 text73       015AE
_EUSART1_Deinitialize                                (abs)        00000
_EUSART1_ErrorGet                                    (abs)        00000
_EUSART1_FramingErrorCallbackRegister                text25       01636
_EUSART1_FramingErrorHandler                         bssBANK1     000EB
_EUSART1_Initialize                                  text23       00821
_EUSART1_IsRxReady                                   text77       015ED
_EUSART1_IsTxDone                                    text81       015A2
_EUSART1_IsTxReady                                   text80       016C5
_EUSART1_IsTxReady$906                               cstackCOMMON 00074
_EUSART1_OverrunErrorCallbackRegister                text24       01642
_EUSART1_OverrunErrorHandler                         bssBANK1     000E9
_EUSART1_Read                                        text72       0098B
_EUSART1_TransmitDisable                             (abs)        00000
_EUSART1_TransmitEnable                              (abs)        00000
_EUSART1_Write                                       text79       015A6
_EUSART2_AutoBaudQuery                               (abs)        00000
_EUSART2_AutoBaudSet                                 (abs)        00000
_EUSART2_DefaultFramingErrorCallback                 text76       01598
_EUSART2_DefaultOverrunErrorCallback                 text74       015AA
_EUSART2_Deinitialize                                (abs)        00000
_EUSART2_ErrorGet                                    (abs)        00000
_EUSART2_FramingErrorCallbackRegister                text22       0164E
_EUSART2_FramingErrorHandler                         bssBANK1     000E7
_EUSART2_Initialize                                  text20       00805
_EUSART2_IsRxReady                                   text55       015BE
_EUSART2_IsTxDone                                    text54       015B2
_EUSART2_IsTxReady                                   text53       016E3
_EUSART2_IsTxReady$1264                              cstackCOMMON 00074
_EUSART2_OverrunErrorCallbackRegister                text21       0165A
_EUSART2_OverrunErrorHandler                         bssBANK2     0015A
_EUSART2_Read                                        text52       00935
_EUSART2_TransmitDisable                             (abs)        00000
_EUSART2_TransmitEnable                              (abs)        00000
_EUSART2_Write                                       text51       015B6
_INLVLA                                              (abs)        01E90
_INLVLB                                              (abs)        01E9A
_INLVLC                                              (abs)        01EA4
_INLVLD                                              (abs)        01EAE
_INLVLE                                              (abs)        01EB8
_INTCONbits                                          (abs)        0000B
_INTERRUPT_Initialize                                text18       0162B
_INTERRUPT_InterruptManager                          intentry     00004
_INT_DefaultInterruptHandler                         (abs)        00000
_INT_InterruptHandler                                bssBANK1     000ED
_INT_SetInterruptHandler                             text19       015D5
_IOCAF                                               (abs)        01E93
_IOCAFbits                                           (abs)        01E93
_IOCAN                                               (abs)        01E92
_IOCAP                                               (abs)        01E91
_IOCBF                                               (abs)        01E9D
_IOCBN                                               (abs)        01E9C
_IOCBP                                               (abs)        01E9B
_IOCCF                                               (abs)        01EA7
_IOCCFbits                                           (abs)        01EA7
_IOCCN                                               (abs)        01EA6
_IOCCP                                               (abs)        01EA5
_IOCEF                                               (abs)        01EBB
_IOCEN                                               (abs)        01EBA
_IOCEP                                               (abs)        01EB9
_LATA                                                (abs)        00018
_LATAbits                                            (abs)        00018
_LATB                                                (abs)        00019
_LATC                                                (abs)        0001A
_LATD                                                (abs)        0001B
_LATE                                                (abs)        0001C
_MoodLights_GammaBrightness                          text32       0053D
_MoodLights_Init                                     text62       0168A
_MoodLights_SetBrightness                            text63       016F2
_MoodLights_SetTwinkleEnabled                        text31       01620
_MoodLights_Tasks                                    text57       00AC2
_ODCONA                                              (abs)        01E8E
_ODCONB                                              (abs)        01E98
_ODCONC                                              (abs)        01EA2
_ODCOND                                              (abs)        01EAC
_ODCONE                                              (abs)        01EB6
_OSCCON2                                             (abs)        0020E
_OSCCON3                                             (abs)        0020F
_OSCEN                                               (abs)        00211
_OSCFRQ                                              (abs)        00213
_OSCSTAT                                             (abs)        00210
_OSCTUNE                                             (abs)        00212
_PIE0bits                                            (abs)        00096
_PIN_MANAGER_IOC                                     text83       01718
_PIN_MANAGER_Initialize                              text17       00CAA
_PIR0bits                                            (abs)        0008C
_PIR1bits                                            (abs)        0008D
_PIR3bits                                            (abs)        0008F
_PN532_Init                                          text48       00D8C
_PN532_ReadNdefText                                  text44       00678
_PN532_ReadPassiveTarget                             text43       00C47
_PORTAbits                                           (abs)        0000C
_PORTBbits                                           (abs)        0000D
_PORTCbits                                           (abs)        0000E
_POWER_DefaultInterruptHandler                       text90       01595
_POWER_ISR                                           text89       01698
_POWER_InterruptHandler                              nvBANK2      00166
_POWER_SetInterruptHandler                           text42       015C3
_PR2                                                 (abs)        0030D
_PWM3CON                                             (abs)        0040E
_PWM3DCH                                             (abs)        0040D
_PWM3DCL                                             (abs)        0040C
_PWM3_Initialize                                     text16       01666
_PWM3_LoadDutyValue                                  text65       01731
_PWM4CON                                             (abs)        00411
_PWM4DCH                                             (abs)        00410
_PWM4DCL                                             (abs)        0040F
_PWM4_Initialize                                     text15       01672
_PWM4_LoadDutyValue                                  text64       0174A
_PWMTMRS0bits                                        (abs)        0041F
_QUAD_TABLE                                          stringtext3  01800
_RB4PPS                                              (abs)        01D98
_RC1REG                                              (abs)        0060C
_RC1STA                                              (abs)        00610
_RC1STAbits                                          (abs)        00610
_RC2REG                                              (abs)        00616
_RC2STA                                              (abs)        0061A
_RC2STAbits                                          (abs)        0061A
_RD1PPS                                              (abs)        01DA5
_RD4PPS                                              (abs)        01DA8
_RD5PPS                                              (abs)        01DA9
_RX1PPS                                              (abs)        01E41
_RX2PPS                                              (abs)        01E43
_RotaryEncoder_Init                                  text39       009B7
_RotaryEncoder_Tasks                                 text27       00E01
_SLRCONA                                             (abs)        01E8F
_SLRCONB                                             (abs)        01E99
_SLRCONC                                             (abs)        01EA3
_SLRCOND                                             (abs)        01EAD
_SLRCONE                                             (abs)        01EB7
_SP1BRGH                                             (abs)        0060F
_SP1BRGL                                             (abs)        0060E
_SP2BRGH                                             (abs)        00619
_SP2BRGL                                             (abs)        00618
_SYSTEM_Initialize                                   text12       01763
_Scene_Start                                         text10       00A4E
_Scene_Stop                                          text30       00D19
_T2CLKCON                                            (abs)        00310
_T2CON                                               (abs)        0030E
_T2CONbits                                           (abs)        0030E
_T2HLT                                               (abs)        0030F
_T2HLTbits                                           (abs)        0030F
_T2PR                                                (abs)        0030D
_T2RST                                               (abs)        00311
_T2RSTbits                                           (abs)        00311
_T2TMR                                               (abs)        0030C
_TMR2                                                (abs)        0030C
_TMR2_DefaultOverflowCallback                        (abs)        00000
_TMR2_Initialize                                     text13       01703
_TMR2_OverflowCallback                               bssBANK2     00156
_TMR2_OverflowCallbackRegister                       text14       015DB
_TMR2_PeriodCountSet                                 (abs)        00000
_TMR2_Start                                          (abs)        00000
_TMR2_Stop                                           (abs)        00000
_TMR2_Tasks                                          (abs)        00000
_TRISA                                               (abs)        00012
_TRISAbits                                           (abs)        00012
_TRISB                                               (abs)        00013
_TRISC                                               (abs)        00014
_TRISD                                               (abs)        00015
_TRISE                                               (abs)        00016
_TX1REG                                              (abs)        0060D
_TX1STA                                              (abs)        00611
_TX1STAbits                                          (abs)        00611
_TX2REG                                              (abs)        00617
_TX2STA                                              (abs)        0061B
_TX2STAbits                                          (abs)        0061B
_VOL_A_DefaultInterruptHandler                       text85       01597
_VOL_A_ISR                                           text88       016A7
_VOL_A_InterruptHandler                              nvBANK2      00164
_VOL_A_SetInterruptHandler                           text41       015C9
_VOL_B_DefaultInterruptHandler                       text87       01596
_VOL_B_ISR                                           text84       016B6
_VOL_B_InterruptHandler                              nvBANK2      00162
_VOL_B_SetInterruptHandler                           text40       015CF
_WPUA                                                (abs)        01E8D
_WPUAbits                                            (abs)        01E8D
_WPUB                                                (abs)        01E97
_WPUC                                                (abs)        01EA1
_WPUCbits                                            (abs)        01EA1
_WPUD                                                (abs)        01EAB
_WPUE                                                (abs)        01EB5
__H__absolute__                                      __absolute__ 00000
__Habs1                                              abs1         00000
__Hbank0                                             bank0        00000
__Hbank1                                             bank1        00000
__Hbank10                                            bank10       00000
__Hbank11                                            bank11       00000
__Hbank12                                            bank12       00000
__Hbank13                                            bank13       00000
__Hbank14                                            bank14       00000
__Hbank15                                            bank15       00000
__Hbank16                                            bank16       00000
__Hbank17                                            bank17       00000
__Hbank18                                            bank18       00000
__Hbank19                                            bank19       00000
__Hbank2                                             bank2        00000
__Hbank20                                            bank20       00000
__Hbank21                                            bank21       00000
__Hbank22                                            bank22       00000
__Hbank23                                            bank23       00000
__Hbank24                                            bank24       00000
__Hbank25                                            bank25       00000
__Hbank26                                            bank26       00000
__Hbank27                                            bank27       00000
__Hbank28                                            bank28       00000
__Hbank29                                            bank29       00000
__Hbank3                                             bank3        00000
__Hbank30                                            bank30       00000
__Hbank31                                            bank31       00000
__Hbank32                                            bank32       00000
__Hbank33                                            bank33       00000
__Hbank34                                            bank34       00000
__Hbank35                                            bank35       00000
__Hbank36                                            bank36       00000
__Hbank37                                            bank37       00000
__Hbank38                                            bank38       00000
__Hbank39                                            bank39       00000
__Hbank4                                             bank4        00000
__Hbank40                                            bank40       00000
__Hbank41                                            bank41       00000
__Hbank42                                            bank42       00000
__Hbank43                                            bank43       00000
__Hbank44                                            bank44       00000
__Hbank45                                            bank45       00000
__Hbank46                                            bank46       00000
__Hbank47                                            bank47       00000
__Hbank48                                            bank48       00000
__Hbank49                                            bank49       00000
__Hbank5                                             bank5        00000
__Hbank50                                            bank50       00000
__Hbank51                                            bank51       00000
__Hbank52                                            bank52       00000
__Hbank53                                            bank53       00000
__Hbank54                                            bank54       00000
__Hbank55                                            bank55       00000
__Hbank56                                            bank56       00000
__Hbank57                                            bank57       00000
__Hbank58                                            bank58       00000
__Hbank59                                            bank59       00000
__Hbank6                                             bank6        00000
__Hbank60                                            bank60       00000
__Hbank61                                            bank61       00000
__Hbank62                                            bank62       00000
__Hbank63                                            bank63       00000
__Hbank7                                             bank7        00000
__Hbank8                                             bank8        00000
__Hbank9                                             bank9        00000
__Hbigram                                            bigram       00000
__HbssBANK0                                          bssBANK0     00000
__HbssBANK1                                          bssBANK1     00000
__HbssBANK2                                          bssBANK2     00000
__HbssBANK3                                          bssBANK3     00000
__HbssCOMMON                                         bssCOMMON    00000
__Hcinit                                             cinit        0005E
__Hclrtext                                           clrtext      00000
__Hcode                                              code         00000
__Hcommon                                            common       00000
__Hconfig                                            config       0800C
__HcstackBANK0                                       cstackBANK0  00000
__HcstackBANK1                                       cstackBANK1  00000
__HcstackBANK2                                       cstackBANK2  00000
__HcstackCOMMON                                      cstackCOMMON 00000
__HdataBANK0                                         dataBANK0    00000
__HdataBANK2                                         dataBANK2    00000
__HdataBANK3                                         dataBANK3    00000
__HdataCOMMON                                        dataCOMMON   00000
__Heeprom_data                                       eeprom_data  00000
__Hend_init                                          end_init     00016
__Hfunctab                                           functab      00000
__Hheap                                              heap         00000
__HidataBANK0                                        idataBANK0   00000
__HidataBANK2                                        idataBANK2   00000
__HidataBANK3                                        idataBANK3   00000
__HidataCOMMON                                       idataCOMMON  00000
__Hinit                                              init         00014
__Hinittext                                          inittext     00000
__Hintentry                                          intentry     00014
__Hmaintext                                          maintext     00000
__HnvBANK2                                           nvBANK2      00000
__Hpowerup                                           powerup      00000
__Hram                                               ram          00000
__Hreset_vec                                         reset_vec    00002
__Hsfr0                                              sfr0         00000
__Hsfr1                                              sfr1         00000
__Hsfr10                                             sfr10        00000
__Hsfr11                                             sfr11        00000
__Hsfr12                                             sfr12        00000
__Hsfr13                                             sfr13        00000
__Hsfr14                                             sfr14        00000
__Hsfr15                                             sfr15        00000
__Hsfr16                                             sfr16        00000
__Hsfr17                                             sfr17        00000
__Hsfr18                                             sfr18        00000
__Hsfr19                                             sfr19        00000
__Hsfr2                                              sfr2         00000
__Hsfr20                                             sfr20        00000
__Hsfr21                                             sfr21        00000
__Hsfr22                                             sfr22        00000
__Hsfr23                                             sfr23        00000
__Hsfr24                                             sfr24        00000
__Hsfr25                                             sfr25        00000
__Hsfr26                                             sfr26        00000
__Hsfr27                                             sfr27        00000
__Hsfr28                                             sfr28        00000
__Hsfr29                                             sfr29        00000
__Hsfr3                                              sfr3         00000
__Hsfr30                                             sfr30        00000
__Hsfr31                                             sfr31        00000
__Hsfr32                                             sfr32        00000
__Hsfr33                                             sfr33        00000
__Hsfr34                                             sfr34        00000
__Hsfr35                                             sfr35        00000
__Hsfr36                                             sfr36        00000
__Hsfr37                                             sfr37        00000
__Hsfr38                                             sfr38        00000
__Hsfr39                                             sfr39        00000
__Hsfr4                                              sfr4         00000
__Hsfr40                                             sfr40        00000
__Hsfr41                                             sfr41        00000
__Hsfr42                                             sfr42        00000
__Hsfr43                                             sfr43        00000
__Hsfr44                                             sfr44        00000
__Hsfr45                                             sfr45        00000
__Hsfr46                                             sfr46        00000
__Hsfr47                                             sfr47        00000
__Hsfr48                                             sfr48        00000
__Hsfr49                                             sfr49        00000
__Hsfr5                                              sfr5         00000
__Hsfr50                                             sfr50        00000
__Hsfr51                                             sfr51        00000
__Hsfr52                                             sfr52        00000
__Hsfr53                                             sfr53        00000
__Hsfr54                                             sfr54        00000
__Hsfr55                                             sfr55        00000
__Hsfr56                                             sfr56        00000
__Hsfr57                                             sfr57        00000
[...]
_main                                                maintext     00293
_main$1490                                           cstackBANK2  0014A
_main$1495                                           cstackBANK2  0014B
_memcmp                                              text56       00B02
_memcpy                                              text47       008E0
_memset                                              text29       005DE
_next_random                                         text59       0089D
_ntag_read4pages                                     text46       00A83
_on_lid_opened                                       text9        0159A
_on_power_button_pressed                             text28       0087D
_parse_ndef_text_record                              text45       003EF
_parse_ndef_text_record$175                          cstackBANK0  00039
_parse_track_number                                  text1        0083E
_pn532_send_and_capture                              text50       0070D
_pn532_transact                                      text49       0005E
_powerButtonCallback                                 bssBANK2     00158
_powerFallingEdgeSeen                                bssBANK0     0006C
_powerPressLatched                                   bssBANK0     0006B
_power_isr                                           text91       0159E
_random_range                                        text58       017E4
_rngSeeded                                           bssBANK0     0006A
_rngState                                            bssBANK2     00154
_strchr                                              text5        017AF
_strlen                                              text4        017C9
_strncmp                                             text3        00B92
_strstr                                              text2        00B46
_trackEnded                                          bssCOMMON    00078
_twinkleEnabled                                      bssBANK0     00069
atoi@n                                               cstackBANK0  0002A
atoi@neg                                             cstackBANK0  00028
atoi@s                                               cstackBANK0  0002C
btemp                                                (abs)        0007E
clear_ram0                                           clrtext      015E1
dfplayer_uart_write@data                             cstackCOMMON 00075
dfplayer_wait_for_ack@count                          cstackBANK0  00033
dfplayer_wait_for_ack@frame                          cstackBANK0  00028
dfplayer_wait_for_ack@timeout_us                     cstackBANK0  00020
encoder_isr@ab                                       cstackCOMMON 00073
encoder_isr@index                                    cstackCOMMON 00072
end_of_initialization                                cinit        0005A
init_ram                                             inittext     015E7
int$flags                                            (abs)        0007E
intlevel0                                            functab      00000
intlevel1                                            functab      00000
intlevel2                                            functab      00000
intlevel3                                            functab      00000
intlevel4                                            functab      00000
intlevel5                                            functab      00000
isdigit@c                                            cstackCOMMON 00074
isspace@c                                            cstackCOMMON 00074
main@i                                               cstackBANK2  00149
main@initResult                                      cstackBANK2  0014E
main@isNewTag                                        cstackBANK2  00148
main@lidNowClosed                                    cstackBANK2  0014F
main@systemActive                                    cstackBANK2  00147
main@text                                            cstackBANK2  00120
main@track                                           cstackBANK2  0014C
main@uid                                             cstackBANK2  00140
main@uidLen                                          cstackBANK2  00150
memcmp@l                                             cstackBANK0  00026
memcmp@n                                             cstackBANK0  00024
memcmp@r                                             cstackBANK0  00028
memcmp@vl                                            cstackBANK0  00020
memcmp@vr                                            cstackBANK0  00022
memcpy@d                                             cstackBANK0  00027
memcpy@d1                                            cstackBANK0  00028
memcpy@n                                             cstackBANK0  00022
memcpy@s                                             cstackBANK0  00025
memcpy@s1                                            cstackBANK0  00020
memcpy@tmp                                           cstackBANK0  00024
memset@c                                             cstackBANK0  00020
memset@dest                                          cstackBANK0  00024
memset@k                                             cstackBANK0  00025
memset@n                                             cstackBANK0  00022
memset@s                                             cstackBANK0  00027
ntag_read4pages@out16                                cstackBANK0  00037
ntag_read4pages@page                                 cstackBANK0  0004C
ntag_read4pages@params                               cstackBANK0  0004D
ntag_read4pages@rlen                                 cstackBANK0  00050
ntag_read4pages@rsp                                  cstackBANK0  00038
parse_ndef_text_record@hasId                         cstackBANK0  00035
parse_ndef_text_record@header                        cstackBANK0  0003B
parse_ndef_text_record@idLen                         cstackBANK0  00038
parse_ndef_text_record@idx                           cstackBANK0  00043
parse_ndef_text_record@isText                        cstackBANK0  00036
parse_ndef_text_record@langLen                       cstackBANK0  0003D
parse_ndef_text_record@out                           cstackBANK0  0002A
parse_ndef_text_record@outSize                       cstackBANK0  0002B
parse_ndef_text_record@payload                       cstackBANK0  0003A
parse_ndef_text_record@payloadLen                    cstackBANK0  0003E
parse_ndef_text_record@rec                           cstackBANK0  00042
parse_ndef_text_record@recLen                        cstackBANK0  00029
parse_ndef_text_record@shortRecord                   cstackBANK0  00034
parse_ndef_text_record@status                        cstackBANK0  00037
parse_ndef_text_record@textLen                       cstackBANK0  00040
parse_ndef_text_record@tnf                           cstackBANK0  00033
parse_ndef_text_record@typeLen                       cstackBANK0  0003C
parse_track_number@sep                               cstackBANK0  00032
parse_track_number@text                              cstackBANK0  00031
pn532_send_and_capture@buffer                        cstackBANK0  00021
pn532_send_and_capture@bufferSize                    cstackBANK0  00022
pn532_send_and_capture@count                         cstackBANK0  0002C
pn532_send_and_capture@firstByteCounter              cstackBANK0  00026
pn532_send_and_capture@firstByteTimeoutMs            cstackBANK0  00023
pn532_send_and_capture@i                             cstackBANK0  0002B
pn532_send_and_capture@idleCounter                   cstackBANK0  00029
pn532_send_and_capture@packet                        cstackBANK0  00025
pn532_send_and_capture@packetLen                     cstackBANK0  00020
pn532_send_and_capture@receivedAnything              cstackBANK0  00028
pn532_transact@buffer                                cstackBANK1  000A0
pn532_transact@cmd                                   cstackBANK1  000DD
pn532_transact@count                                 cstackBANK1  000E2
pn532_transact@dataLen                               cstackBANK1  000D9
pn532_transact@dataStart                             cstackBANK1  000E3
pn532_transact@dcsIndex                              cstackBANK1  000DA
pn532_transact@expectedAck                           stringtext5  0181C
pn532_transact@frameSize                             cstackBANK1  000D5
pn532_transact@i                                     cstackBANK1  000DE
pn532_transact@i_131                                 cstackBANK1  000DC
pn532_transact@i_135                                 cstackBANK1  000E0
pn532_transact@lcs                                   cstackBANK1  000D7
pn532_transact@len                                   cstackBANK1  000E4
pn532_transact@out                                   cstackBANK0  00030
pn532_transact@outLen                                cstackBANK0  00032
pn532_transact@outMax                                cstackBANK0  00031
pn532_transact@packet                                cstackBANK1  000C0
pn532_transact@packetLen                             cstackBANK1  000E6
pn532_transact@paramLen                              cstackBANK0  0002E
pn532_transact@paramOutLen                           cstackBANK1  000DF
pn532_transact@params                                cstackBANK0  0002D
pn532_transact@postambleIndex                        cstackBANK1  000D8
pn532_transact@responseSum                           cstackBANK1  000DB
pn532_transact@start                                 cstackBANK1  000E5
pn532_transact@sum                                   cstackBANK1  000E1
pn532_transact@withWakeup                            cstackBANK0  0002F
random_range@maxVal                                  cstackBANK0  0002C
random_range@minVal                                  cstackBANK0  00030
random_range@span                                    cstackBANK0  0002F
reset_vec                                            reset_vec    00000
start                                                init         00014
start_initialization                                 cinit        00016
strchr@c                                             cstackCOMMON 00074
strchr@s                                             cstackBANK0  00020
strlen@a                                             cstackBANK0  00021
strlen@s                                             cstackCOMMON 00074
strncmp@_l                                           cstackBANK0  00024
strncmp@_r                                           cstackBANK0  00020
strncmp@l                                            cstackBANK0  00027
strncmp@n                                            cstackBANK0  00022
strncmp@r                                            cstackBANK0  00025
strstr@h                                             cstackBANK0  0002E
strstr@n                                             cstackBANK0  00028
strstr@nl                                            cstackBANK0  0002C
wtemp0                                               (abs)        0007E


MODULE INFORMATION

Module		Function		Class		Link	Load	Size
mcc_generated_files/pwm/src/pwm4.c
		_PWM4_Initialize		CODE           	1672	0000	12
		_PWM4_LoadDutyValue		CODE           	174A	0000	25

mcc_generated_files/pwm/src/pwm4.c estimated size: 37

C:\Program Files\Microchip\xc8\v2.41\pic\sources\c99\common\Umul32.c
		___lmul        		CODE           	09E5	0000	52

C:\Program Files\Microchip\xc8\v2.41\pic\sources\c99\common\Umul32.c estimated size: 52

drivers/pn532.c
		_parse_ndef_text_record		CODE           	03EF	0000	334
		_PN532_ReadPassiveTarget		CODE           	0C47	0000	99
		_ntag_read4pages		CODE           	0A83	0000	63
		_pn532_send_and_capture		CODE           	070D	0000	146
		_pn532_transact		CODE           	005E	0000	565
		_PN532_ReadNdefText		CODE           	0678	0000	149
		_PN532_Init    		CODE           	0D8C	0000	117

drivers/pn532.c estimated size: 1473

C:\Program Files\Microchip\xc8\v2.41\pic\sources\c99\common\__lldiv.c
		___lldiv       		CODE           	0BEC	0000	91

C:\Program Files\Microchip\xc8\v2.41\pic\sources\c99\common\__lldiv.c estimated size: 91

C:\Program Files\Microchip\xc8\v2.41\pic\sources\c99\common\strlen.c
		_strlen        		CODE           	17C9	0000	27

C:\Program Files\Microchip\xc8\v2.41\pic\sources\c99\common\strlen.c estimated size: 27

drivers/dfplayer.c
		_DFPlayer_AdjustVolume		CODE           	0960	0000	43
		_DFPlayer_PlayTrack		CODE           	167E	0000	12
		_DFPlayer_GetVolume		CODE           	159B	0000	3
		_DFPlayer_SetVolume		CODE           	1795	0000	26
		_DFPlayer_IsPlaying		CODE           	15F4	0000	7
		_dfplayer_uart_write		CODE           	16D4	0000	15
		_DFPlayer_SendCommand		CODE           	0E76	0000	121
		_dfplayer_wait_for_ack		CODE           	0EEF	0000	129
		_dfplayer_uart_clear_overrun		CODE           	15FB	0000	8
		_DFPlayer_Init 		CODE           	1603	0000	8
		_DFPlayer_Stop 		CODE           	1615	0000	11

drivers/dfplayer.c estimated size: 383

C:\Program Files\Microchip\xc8\v2.41\pic\sources\c99\common\strchr.c
		_strchr        		CODE           	17AF	0000	26

C:\Program Files\Microchip\xc8\v2.41\pic\sources\c99\common\strchr.c estimated size: 26

C:\Program Files\Microchip\xc8\v2.41\pic\sources\c99\common\memset.c
		_memset        		CODE           	05DE	0000	154

C:\Program Files\Microchip\xc8\v2.41\pic\sources\c99\common\memset.c estimated size: 154

C:\Program Files\Microchip\xc8\v2.41\pic\sources\c99\common\isdigit.c
		_isdigit       		CODE           	177C	0000	25

C:\Program Files\Microchip\xc8\v2.41\pic\sources\c99\common\isdigit.c estimated size: 25

mcc_generated_files/system/src/interrupt.c
		_INT_SetInterruptHandler		CODE           	15D5	0000	6
		_INTERRUPT_Initialize		CODE           	162B	0000	11
		_INTERRUPT_InterruptManager		CODE           	0004	0000	16

mcc_generated_files/system/src/interrupt.c estimated size: 33

C:\Program Files\Microchip\xc8\v2.41\pic\sources\c99\common\awdiv.c
		___awdiv       		CODE           	079F	0000	96

C:\Program Files\Microchip\xc8\v2.41\pic\sources\c99\common\awdiv.c estimated size: 96

drivers/scene.c
		_Scene_Stop    		CODE           	0D19	0000	115
		_Scene_Start   		CODE           	0A4E	0000	53

drivers/scene.c estimated size: 168

mcc_generated_files/uart/src/eusart2.c
		_EUSART2_Read  		CODE           	0935	0000	43
		_EUSART2_IsTxDone		CODE           	15B2	0000	4
		_EUSART2_Write 		CODE           	15B6	0000	4
		_EUSART2_FramingErrorCallbackRegister		CODE           	164E	0000	12
		_EUSART2_IsRxReady		CODE           	15BE	0000	5
		_EUSART2_IsTxReady		CODE           	16E3	0000	15
		_EUSART2_OverrunErrorCallbackRegister		CODE           	165A	0000	12
		_EUSART2_DefaultOverrunErrorCallback		CODE           	15AA	0000	4
		_EUSART2_Initialize		CODE           	0805	0000	28
		_EUSART2_DefaultFramingErrorCallback		CODE           	1598	0000	1

mcc_generated_files/uart/src/eusart2.c estimated size: 128

C:\Program Files\Microchip\xc8\v2.41\pic\sources\c99\common\atoi.c
		_atoi          		CODE           	0F70	0000	144

C:\Program Files\Microchip\xc8\v2.41\pic\sources\c99\common\atoi.c estimated size: 144

mcc_generated_files/pwm/src/pwm3.c
		_PWM3_Initialize		CODE           	1666	0000	12
		_PWM3_LoadDutyValue		CODE           	1731	0000	25

mcc_generated_files/pwm/src/pwm3.c estimated size: 37

mcc_generated_files/system/src/pins.c
		_PIN_MANAGER_Initialize		CODE           	0CAA	0000	111
		_VOL_A_SetInterruptHandler		CODE           	15C9	0000	6
		_POWER_SetInterruptHandler		CODE           	15C3	0000	6
		_VOL_A_ISR     		CODE           	16A7	0000	15
		_VOL_B_SetInterruptHandler		CODE           	15CF	0000	6
		_VOL_A_DefaultInterruptHandler		CODE           	1597	0000	1
		_POWER_ISR     		CODE           	1698	0000	15
		_POWER_DefaultInterruptHandler		CODE           	1595	0000	1
		_VOL_B_ISR     		CODE           	16B6	0000	15
		_VOL_B_DefaultInterruptHandler		CODE           	1596	0000	1
		_PIN_MANAGER_IOC		CODE           	1718	0000	25

mcc_generated_files/system/src/pins.c estimated size: 202

shared
		_QUAD_TABLE    		STRCODE        	1800	0000	16
		_Timer2        		STRCODE        	0000	0000	0
		__initialization		CODE           	0016	0000	68
		_UART1         		STRCODE        	0000	0000	0
		_UART2         		STRCODE        	0000	0000	0
		pn532_transact@expectedAck		STRCODE        	181C	0000	6

shared estimated size: 90

C:\Program Files\Microchip\xc8\v2.41\pic\sources\c99\common\memcmp.c
		_memcmp        		CODE           	0B02	0000	68

C:\Program Files\Microchip\xc8\v2.41\pic\sources\c99\common\memcmp.c estimated size: 68

C:\Program Files\Microchip\xc8\v2.41\pic\sources\c99\common\memcpy.c
		_memcpy        		CODE           	08E0	0000	42

C:\Program Files\Microchip\xc8\v2.41\pic\sources\c99\common\memcpy.c estimated size: 42

C:\Program Files\Microchip\xc8\v2.41\pic\sources\c99\common\strstr.c
		_strstr        		CODE           	0B46	0000	76

C:\Program Files\Microchip\xc8\v2.41\pic\sources\c99\common\strstr.c estimated size: 76

drivers/rotary_encoder.c
		_RotaryEncoder_Init		CODE           	09B7	0000	46
		_encoder_isr   		CODE           	090A	0000	43
		_RotaryEncoder_Tasks		CODE           	0E01	0000	117
		_power_isr     		CODE           	159E	0000	4

drivers/rotary_encoder.c estimated size: 210

C:\Program Files\Microchip\xc8\v2.41\pic\sources\c99\common\Umul16.c
		___wmul        		CODE           	085D	0000	32

C:\Program Files\Microchip\xc8\v2.41\pic\sources\c99\common\Umul16.c estimated size: 32

mcc_generated_files/timer/src/tmr2.c
		_TMR2_Initialize		CODE           	1703	0000	21
		_TMR2_OverflowCallbackRegister		CODE           	15DB	0000	6

mcc_generated_files/timer/src/tmr2.c estimated size: 27

drivers/mood_lights.c
		_MoodLights_SetTwinkleEnabled		CODE           	1620	0000	11
		_MoodLights_Init		CODE           	168A	0000	14
		_MoodLights_SetBrightness		CODE           	16F2	0000	17
		_random_range  		CODE           	17E4	0000	28
		_MoodLights_GammaBrightness		CODE           	053D	0000	161
		_next_random   		CODE           	089D	0000	33
		_MoodLights_Tasks		CODE           	0AC2	0000	64

drivers/mood_lights.c estimated size: 328

C:\Program Files\Microchip\xc8\v2.41\pic\sources\c99\common\isspace.c
		_isspace       		CODE           	08BE	0000	34

C:\Program Files\Microchip\xc8\v2.41\pic\sources\c99\common\isspace.c estimated size: 34

mcc_generated_files/system/src/clock.c
		_CLOCK_Initialize		CODE           	160B	0000	10

mcc_generated_files/system/src/clock.c estimated size: 10

main.c
		_on_power_button_pressed		CODE           	087D	0000	32
		_main          		CODE           	0293	0000	348
		_parse_track_number		CODE           	083E	0000	31
		_on_lid_opened 		CODE           	159A	0000	1

main.c estimated size: 412

C:\Program Files\Microchip\xc8\v2.41\pic\sources\c99\common\strncmp.c
		_strncmp       		CODE           	0B92	0000	90

C:\Program Files\Microchip\xc8\v2.41\pic\sources\c99\common\strncmp.c estimated size: 90

mcc_generated_files/uart/src/eusart1.c
		_EUSART1_Initialize		CODE           	0821	0000	29
		_EUSART1_DefaultFramingErrorCallback		CODE           	1599	0000	1
		_EUSART1_Read  		CODE           	098B	0000	44
		_EUSART1_IsTxDone		CODE           	15A2	0000	4
		_EUSART1_Write 		CODE           	15A6	0000	4
		_EUSART1_FramingErrorCallbackRegister		CODE           	1636	0000	12
		_EUSART1_IsRxReady		CODE           	15ED	0000	7
		_EUSART1_IsTxReady		CODE           	16C5	0000	15
		_EUSART1_OverrunErrorCallbackRegister		CODE           	1642	0000	12
		_EUSART1_DefaultOverrunErrorCallback		CODE           	15AE	0000	4

mcc_generated_files/uart/src/eusart1.c estimated size: 132

mcc_generated_files/system/src/system.c
		_SYSTEM_Initialize		CODE           	1763	0000	25

mcc_generated_files/system/src/system.c estimated size: 25

C:\Program Files\Microchip\xc8\v2.41\pic\sources\c99\common\lwmod.c
		___lwmod       		CODE           	0A19	0000	53

C:\Program Files\Microchip\xc8\v2.41\pic\sources\c99\common\lwmod.c estimated size: 53

